Archive member included to satisfy reference by file (symbol)

c:/users/khanh/.silabs/slt/installs/conan/p/gcc-ab83b3403fdca6/p/bin/../lib/gcc/arm-none-eabi/12.2.1/thumb/v8-m.main+fp/hard\libc_nano.a(libc_a-exit.o)
                              c:/users/khanh/.silabs/slt/installs/conan/p/gcc-ab83b3403fdca6/p/bin/../lib/gcc/arm-none-eabi/12.2.1/thumb/v8-m.main+fp/hard/crt0.o (exit)
c:/users/khanh/.silabs/slt/installs/conan/p/gcc-ab83b3403fdca6/p/bin/../lib/gcc/arm-none-eabi/12.2.1/thumb/v8-m.main+fp/hard\libc_nano.a(libc_a-ctype_.o)
                              CMakeFiles/slc.dir/base/F_/FPT/Gateway/Xg26_Gateway_NCP/simplicity_sdk_2025.6.3/platform/common/src/sl_string.c.obj (symbol from plugin) (_ctype_)
c:/users/khanh/.silabs/slt/installs/conan/p/gcc-ab83b3403fdca6/p/bin/../lib/gcc/arm-none-eabi/12.2.1/thumb/v8-m.main+fp/hard\libc_nano.a(libc_a-findfp.o)
                              c:/users/khanh/.silabs/slt/installs/conan/p/gcc-ab83b3403fdca6/p/bin/../lib/gcc/arm-none-eabi/12.2.1/thumb/v8-m.main+fp/hard\libc_nano.a(libc_a-exit.o) (__stdio_exit_handler)
c:/users/khanh/.silabs/slt/installs/conan/p/gcc-ab83b3403fdca6/p/bin/../lib/gcc/arm-none-eabi/12.2.1/thumb/v8-m.main+fp/hard\libc_nano.a(libc_a-fwalk.o)
                              c:/users/khanh/.silabs/slt/installs/conan/p/gcc-ab83b3403fdca6/p/bin/../lib/gcc/arm-none-eabi/12.2.1/thumb/v8-m.main+fp/hard\libc_nano.a(libc_a-findfp.o) (_fwalk_sglue)
c:/users/khanh/.silabs/slt/installs/conan/p/gcc-ab83b3403fdca6/p/bin/../lib/gcc/arm-none-eabi/12.2.1/thumb/v8-m.main+fp/hard\libc_nano.a(libc_a-stdio.o)
                              c:/users/khanh/.silabs/slt/installs/conan/p/gcc-ab83b3403fdca6/p/bin/../lib/gcc/arm-none-eabi/12.2.1/thumb/v8-m.main+fp/hard\libc_nano.a(libc_a-findfp.o) (__sread)
c:/users/khanh/.silabs/slt/installs/conan/p/gcc-ab83b3403fdca6/p/bin/../lib/gcc/arm-none-eabi/12.2.1/thumb/v8-m.main+fp/hard\libc_nano.a(libc_a-memset.o)
                              c:/users/khanh/.silabs/slt/installs/conan/p/gcc-ab83b3403fdca6/p/bin/../lib/gcc/arm-none-eabi/12.2.1/thumb/v8-m.main+fp/hard/crt0.o (memset)
c:/users/khanh/.silabs/slt/installs/conan/p/gcc-ab83b3403fdca6/p/bin/../lib/gcc/arm-none-eabi/12.2.1/thumb/v8-m.main+fp/hard\libc_nano.a(libc_a-closer.o)
                              c:/users/khanh/.silabs/slt/installs/conan/p/gcc-ab83b3403fdca6/p/bin/../lib/gcc/arm-none-eabi/12.2.1/thumb/v8-m.main+fp/hard\libc_nano.a(libc_a-stdio.o) (_close_r)
c:/users/khanh/.silabs/slt/installs/conan/p/gcc-ab83b3403fdca6/p/bin/../lib/gcc/arm-none-eabi/12.2.1/thumb/v8-m.main+fp/hard\libc_nano.a(libc_a-reent.o)
                              c:/users/khanh/.silabs/slt/installs/conan/p/gcc-ab83b3403fdca6/p/bin/../lib/gcc/arm-none-eabi/12.2.1/thumb/v8-m.main+fp/hard\libc_nano.a(libc_a-closer.o) (errno)
c:/users/khanh/.silabs/slt/installs/conan/p/gcc-ab83b3403fdca6/p/bin/../lib/gcc/arm-none-eabi/12.2.1/thumb/v8-m.main+fp/hard\libc_nano.a(libc_a-impure.o)
                              c:/users/khanh/.silabs/slt/installs/conan/p/gcc-ab83b3403fdca6/p/bin/../lib/gcc/arm-none-eabi/12.2.1/thumb/v8-m.main+fp/hard\libc_nano.a(libc_a-reent.o) (_impure_ptr)
c:/users/khanh/.silabs/slt/installs/conan/p/gcc-ab83b3403fdca6/p/bin/../lib/gcc/arm-none-eabi/12.2.1/thumb/v8-m.main+fp/hard\libc_nano.a(libc_a-lseekr.o)
                              c:/users/khanh/.silabs/slt/installs/conan/p/gcc-ab83b3403fdca6/p/bin/../lib/gcc/arm-none-eabi/12.2.1/thumb/v8-m.main+fp/hard\libc_nano.a(libc_a-stdio.o) (_lseek_r)
c:/users/khanh/.silabs/slt/installs/conan/p/gcc-ab83b3403fdca6/p/bin/../lib/gcc/arm-none-eabi/12.2.1/thumb/v8-m.main+fp/hard\libc_nano.a(libc_a-readr.o)
                              c:/users/khanh/.silabs/slt/installs/conan/p/gcc-ab83b3403fdca6/p/bin/../lib/gcc/arm-none-eabi/12.2.1/thumb/v8-m.main+fp/hard\libc_nano.a(libc_a-stdio.o) (_read_r)
c:/users/khanh/.silabs/slt/installs/conan/p/gcc-ab83b3403fdca6/p/bin/../lib/gcc/arm-none-eabi/12.2.1/thumb/v8-m.main+fp/hard\libc_nano.a(libc_a-writer.o)
                              c:/users/khanh/.silabs/slt/installs/conan/p/gcc-ab83b3403fdca6/p/bin/../lib/gcc/arm-none-eabi/12.2.1/thumb/v8-m.main+fp/hard\libc_nano.a(libc_a-stdio.o) (_write_r)
c:/users/khanh/.silabs/slt/installs/conan/p/gcc-ab83b3403fdca6/p/bin/../lib/gcc/arm-none-eabi/12.2.1/thumb/v8-m.main+fp/hard\libc_nano.a(libc_a-init.o)
                              c:/users/khanh/.silabs/slt/installs/conan/p/gcc-ab83b3403fdca6/p/bin/../lib/gcc/arm-none-eabi/12.2.1/thumb/v8-m.main+fp/hard/crt0.o (__libc_init_array)
c:/users/khanh/.silabs/slt/installs/conan/p/gcc-ab83b3403fdca6/p/bin/../lib/gcc/arm-none-eabi/12.2.1/thumb/v8-m.main+fp/hard\libc_nano.a(libc_a-lock.o)
                              c:/users/khanh/.silabs/slt/installs/conan/p/gcc-ab83b3403fdca6/p/bin/../lib/gcc/arm-none-eabi/12.2.1/thumb/v8-m.main+fp/hard\libc_nano.a(libc_a-findfp.o) (__retarget_lock_init_recursive)
[...]
Memory Configuration

Name             Origin             Length             Attributes
FLASH            0x08006000         0x00318000         xr
RAM              0x20000004         0x0007fffc         xrw
BOOTLOADER_RESET_REGION 0x20000000         0x00000004         xrw
*default*        0x00000000         0xffffffff

Linker script and memory map

LOAD c:/users/khanh/.silabs/slt/installs/conan/p/gcc-ab83b3403fdca6/p/bin/../lib/gcc/arm-none-eabi/12.2.1/thumb/v8-m.main+fp/hard/crti.o
LOAD c:/users/khanh/.silabs/slt/installs/conan/p/gcc-ab83b3403fdca6/p/bin/../lib/gcc/arm-none-eabi/12.2.1/thumb/v8-m.main+fp/hard/crtbegin.o
LOAD c:/users/khanh/.silabs/slt/installs/conan/p/gcc-ab83b3403fdca6/p/bin/../lib/gcc/arm-none-eabi/12.2.1/thumb/v8-m.main+fp/hard/crt0.o
LOAD CMakeFiles/slc.dir/base/F_/FPT/Gateway/Xg26_Gateway_NCP/simplicity_sdk_2025.6.3/hardware/board/src/sl_board_control_gpio.c.obj
LOAD C:\Users\khanh\AppData\Local\Temp\ccam560Y.ltrans0.ltrans.o
LOAD C:\Users\khanh\AppData\Local\Temp\ccam560Y.ltrans1.ltrans.o
LOAD C:\Users\khanh\AppData\Local\Temp\ccam560Y.ltrans2.ltrans.o
LOAD C:\Users\khanh\AppData\Local\Temp\ccam560Y.ltrans3.ltrans.o
LOAD C:\Users\khanh\AppData\Local\Temp\ccam560Y.ltrans4.ltrans.o
LOAD C:\Users\khanh\AppData\Local\Temp\ccam560Y.ltrans5.ltrans.o
LOAD C:\Users\khanh\AppData\Local\Temp\ccam560Y.ltrans6.ltrans.o
LOAD C:\Users\khanh\AppData\Local\Temp\ccFxUuLt.debug.temp.o
LOAD C:\Users\khanh\AppData\Local\Temp\ccaGGDMy.debug.temp.o
LOAD C:\Users\khanh\AppData\Local\Temp\ccbfQlTD.debug.temp.o
LOAD C:\Users\khanh\AppData\Local\Temp\ccqTu6WM.debug.temp.o
LOAD C:\Users\khanh\AppData\Local\Temp\ccPa57MV.debug.temp.o
LOAD C:\Users\khanh\AppData\Local\Temp\ccIPLII4.debug.temp.o
LOAD C:\Users\khanh\AppData\Local\Temp\ccrpCY0d.debug.temp.o
LOAD C:\Users\khanh\AppData\Local\Temp\ccaZsejn.debug.temp.o
LOAD C:\Users\khanh\AppData\Local\Temp\ccRTCMEw.debug.temp.o
LOAD C:\Users\khanh\AppData\Local\Temp\ccw93zMF.debug.temp.o
LOAD C:\Users\khanh\AppData\Local\Temp\cczvAPYO.debug.temp.o
LOAD C:\Users\khanh\AppData\Local\Temp\ccqHy0mX.debug.temp.o
LOAD C:\Users\khanh\AppData\Local\Temp\ccxNvCP5.debug.temp.o
LOAD C:\Users\khanh\AppData\Local\Temp\cc88kE5d.debug.temp.o
LOAD C:\Users\khanh\AppData\Local\Temp\ccZo96pm.debug.temp.o
LOAD C:\Users\khanh\AppData\Local\Temp\ccgWxb7u.debug.temp.o
LOAD C:\Users\khanh\AppData\Local\Temp\ccxtWfOD.debug.temp.o
LOAD C:\Users\khanh\AppData\Local\Temp\cc4UjLzM.debug.temp.o
LOAD C:\Users\khanh\AppData\Local\Temp\ccJWlx7U.debug.temp.o
LOAD C:\Users\khanh\AppData\Local\Temp\ccaZJ2D3.debug.temp.o
LOAD C:\Users\khanh\AppData\Local\Temp\ccRV6Yec.debug.temp.o
LOAD C:\Users\khanh\AppData\Local\Temp\ccO4NG7j.debug.temp.o
LOAD C:\Users\khanh\AppData\Local\Temp\ccXTHFMr.debug.temp.o
LOAD C:\Users\khanh\AppData\Local\Temp\cckAj5vz.debug.temp.o
LOAD C:\Users\khanh\AppData\Local\Temp\ccHgVufH.debug.temp.o
LOAD C:\Users\khanh\AppData\Local\Temp\ccykFwlP.debug.temp.o
LOAD C:\Users\khanh\AppData\Local\Temp\ccFioZvX.debug.temp.o
LOAD C:\Users\khanh\AppData\Local\Temp\cc8jTQt5.debug.temp.o
LOAD C:\Users\khanh\AppData\Local\Temp\ccN9O8vd.debug.temp.o
LOAD C:\Users\khanh\AppData\Local\Temp\ccs7QnKk.debug.temp.o
LOAD C:\Users\khanh\AppData\Local\Temp\cc74SCYr.debug.temp.o
LOAD C:\Users\khanh\AppData\Local\Temp\cc0TCihz.debug.temp.o
LOAD C:\Users\khanh\AppData\Local\Temp\ccZfKemG.debug.temp.o
LOAD C:\Users\khanh\AppData\Local\Temp\ccSOjVpN.debug.temp.o
LOAD C:\Users\khanh\AppData\Local\Temp\ccfDN4xU.debug.temp.o
LOAD C:\Users\khanh\AppData\Local\Temp\ccCrheG1.debug.temp.o
LOAD C:\Users\khanh\AppData\Local\Temp\ccDo3pf9.debug.temp.o
LOAD C:\Users\khanh\AppData\Local\Temp\ccyAyQAg.debug.temp.o
LOAD C:\Users\khanh\AppData\Local\Temp\ccJG2H0n.debug.temp.o
LOAD C:\Users\khanh\AppData\Local\Temp\cc6qajkz.debug.temp.o
LOAD C:\Users\khanh\AppData\Local\Temp\ccPe6lIK.debug.temp.o
LOAD C:\Users\khanh\AppData\Local\Temp\ccGCGFSV.debug.temp.o
LOAD C:\Users\khanh\AppData\Local\Temp\ccx0gZ26.debug.temp.o
LOAD C:\Users\khanh\AppData\Local\Temp\ccy90Ihi.debug.temp.o
LOAD C:\Users\khanh\AppData\Local\Temp\ccXw43St.debug.temp.o
LOAD C:\Users\khanh\AppData\Local\Temp\ccmiIHxF.debug.temp.o
LOAD C:\Users\khanh\AppData\Local\Temp\ccTD0BYQ.debug.temp.o
LOAD C:\Users\khanh\AppData\Local\Temp\cc2qj0t2.debug.temp.o
LOAD C:\Users\khanh\AppData\Local\Temp\ccPOGibd.debug.temp.o
LOAD C:\Users\khanh\AppData\Local\Temp\ccWcB2Wn.debug.temp.o
LOAD C:\Users\khanh\AppData\Local\Temp\ccfhI3uy.debug.temp.o
LOAD C:\Users\khanh\AppData\Local\Temp\ccOn0B8I.debug.temp.o
LOAD C:\Users\khanh\AppData\Local\Temp\ccLIBL8T.debug.temp.o
LOAD C:\Users\khanh\AppData\Local\Temp\cc23Jmd5.debug.temp.o
LOAD C:\Users\khanh\AppData\Local\Temp\ccrZwe4f.debug.temp.o
LOAD C:\Users\khanh\AppData\Local\Temp\cc8RzxZq.debug.temp.o
LOAD C:\Users\khanh\AppData\Local\Temp\ccp9fbaB.debug.temp.o
LOAD C:\Users\khanh\AppData\Local\Temp\ccUhEfpL.debug.temp.o
LOAD C:\Users\khanh\AppData\Local\Temp\ccffxDRV.debug.temp.o
LOAD C:\Users\khanh\AppData\Local\Temp\cc6CNAp6.debug.temp.o
LOAD C:\Users\khanh\AppData\Local\Temp\cc5AIOJg.debug.temp.o
LOAD C:\Users\khanh\AppData\Local\Temp\cciqlt8q.debug.temp.o
LOAD C:\Users\khanh\AppData\Local\Temp\ccl8G3IA.debug.temp.o
LOAD C:\Users\khanh\AppData\Local\Temp\ccGNi5nK.debug.temp.o
LOAD C:\Users\khanh\AppData\Local\Temp\cc9q9FST.debug.temp.o
LOAD C:\Users\khanh\AppData\Local\Temp\ccC4Zgn3.debug.temp.o
LOAD C:\Users\khanh\AppData\Local\Temp\ccJQ8Tid.debug.temp.o
LOAD C:\Users\khanh\AppData\Local\Temp\ccQChxen.debug.temp.o
LOAD C:\Users\khanh\AppData\Local\Temp\ccxVzX2w.debug.temp.o
LOAD C:\Users\khanh\AppData\Local\Temp\ccam7YJK.debug.temp.o
LOAD C:\Users\khanh\AppData\Local\Temp\cc9PssvY.debug.temp.o
LOAD C:\Users\khanh\AppData\Local\Temp\ccgUsc3b.debug.temp.o
LOAD C:\Users\khanh\AppData\Local\Temp\ccnm3eEp.debug.temp.o
LOAD C:\Users\khanh\AppData\Local\Temp\ccS2WSBD.debug.temp.o
LOAD C:\Users\khanh\AppData\Local\Temp\ccnJQwzR.debug.temp.o
LOAD C:\Users\khanh\AppData\Local\Temp\cc8jJBB5.debug.temp.o
LOAD C:\Users\khanh\AppData\Local\Temp\ccVlrWpj.debug.temp.o
LOAD C:\Users\khanh\AppData\Local\Temp\ccYh8Hix.debug.temp.o
LOAD C:\Users\khanh\AppData\Local\Temp\ccXfnqnK.debug.temp.o
LOAD C:\Users\khanh\AppData\Local\Temp\ccGZUJxX.debug.temp.o
LOAD C:\Users\khanh\AppData\Local\Temp\ccpJs3Ha.debug.temp.o
LOAD C:\Users\khanh\AppData\Local\Temp\cc2HJBEn.debug.temp.o
LOAD C:\Users\khanh\AppData\Local\Temp\ccRurAFA.debug.temp.o
LOAD C:\Users\khanh\AppData\Local\Temp\ccGh9yGN.debug.temp.o
LOAD C:\Users\khanh\AppData\Local\Temp\ccp5yd40.debug.temp.o
LOAD C:\Users\khanh\AppData\Local\Temp\ccSmQZue.debug.temp.o
LOAD C:\Users\khanh\AppData\Local\Temp\ccxkk3Hr.debug.temp.o
LOAD C:\Users\khanh\AppData\Local\Temp\ccscNxZE.debug.temp.o
LOAD C:\Users\khanh\AppData\Local\Temp\cc9QqXsR.debug.temp.o
LOAD C:\Users\khanh\AppData\Local\Temp\ccczSO03.debug.temp.o
LOAD C:\Users\khanh\AppData\Local\Temp\ccfhkGyg.debug.temp.o
LOAD C:\Users\khanh\AppData\Local\Temp\cc28CoYs.debug.temp.o
LOAD C:\Users\khanh\AppData\Local\Temp\cc1WAGKF.debug.temp.o
LOAD C:\Users\khanh\AppData\Local\Temp\cciIOpBS.debug.temp.o
LOAD C:\Users\khanh\AppData\Local\Temp\ccH3Gpe5.debug.temp.o
LOAD C:\Users\khanh\AppData\Local\Temp\ccmjyQVh.debug.temp.o
LOAD C:\Users\khanh\AppData\Local\Temp\ccBVJ4Nt.debug.temp.o
LOAD C:\Users\khanh\AppData\Local\Temp\cccBJKKF.debug.temp.o
LOAD C:\Users\khanh\AppData\Local\Temp\ccPHyGtR.debug.temp.o
LOAD C:\Users\khanh\AppData\Local\Temp\ccW3h5g3.debug.temp.o
LOAD C:\Users\khanh\AppData\Local\Temp\ccjse4qf.debug.temp.o
LOAD C:\Users\khanh\AppData\Local\Temp\ccGQa3Ar.debug.temp.o
LOAD C:\Users\khanh\AppData\Local\Temp\cctwFAQD.debug.temp.o
LOAD C:\Users\khanh\AppData\Local\Temp\ccoMOoSP.debug.temp.o
LOAD C:\Users\khanh\AppData\Local\Temp\ccD2uEY1.debug.temp.o
LOAD C:\Users\khanh\AppData\Local\Temp\ccQtHvXh.debug.temp.o
LOAD C:\Users\khanh\AppData\Local\Temp\ccpYHO0x.debug.temp.o
LOAD C:\Users\khanh\AppData\Local\Temp\ccMsJMTN.debug.temp.o
LOAD C:\Users\khanh\AppData\Local\Temp\ccpRJbR3.debug.temp.o
LOAD C:\Users\khanh\AppData\Local\Temp\ccqu3bbk.debug.temp.o
LOAD C:\Users\khanh\AppData\Local\Temp\ccNabEzA.debug.temp.o
LOAD C:\Users\khanh\AppData\Local\Temp\cc68ilKQ.debug.temp.o
LOAD C:\Users\khanh\AppData\Local\Temp\ccTmlvZ6.debug.temp.o
LOAD C:\Users\khanh\AppData\Local\Temp\ccO2LJrm.debug.temp.o
LOAD C:\Users\khanh\AppData\Local\Temp\ccNkxnYB.debug.temp.o
LOAD C:\Users\khanh\AppData\Local\Temp\ccS9FhhR.debug.temp.o
LOAD C:\Users\khanh\AppData\Local\Temp\ccdTNCE6.debug.temp.o
LOAD C:\Users\khanh\AppData\Local\Temp\cc2Z3zom.debug.temp.o
LOAD C:\Users\khanh\AppData\Local\Temp\ccR6jx8B.debug.temp.o
LOAD C:\Users\khanh\AppData\Local\Temp\ccGBaNVR.debug.temp.o
LOAD C:\Users\khanh\AppData\Local\Temp\ccxxQiv7.debug.temp.o
LOAD C:\Users\khanh\AppData\Local\Temp\ccGqMf9m.debug.temp.o
LOAD C:\Users\khanh\AppData\Local\Temp\ccLlg9YB.debug.temp.o
LOAD C:\Users\khanh\AppData\Local\Temp\cc6aJtTQ.debug.temp.o
LOAD C:\Users\khanh\AppData\Local\Temp\ccP6edB5.debug.temp.o
LOAD C:\Users\khanh\AppData\Local\Temp\ccOWJnnk.debug.temp.o
LOAD C:\Users\khanh\AppData\Local\Temp\ccb1x9vz.debug.temp.o
LOAD C:\Users\khanh\AppData\Local\Temp\ccy5lVEO.debug.temp.o
LOAD C:\Users\khanh\AppData\Local\Temp\cc7XA7R3.debug.temp.o
LOAD C:\Users\khanh\AppData\Local\Temp\cc8q11Vi.debug.temp.o
LOAD C:\Users\khanh\AppData\Local\Temp\cc7csHYx.debug.temp.o
LOAD C:\Users\khanh\AppData\Local\Temp\ccYUSidM.debug.temp.o
LOAD C:\Users\khanh\AppData\Local\Temp\ccPCjUr0.debug.temp.o
LOAD C:\Users\khanh\AppData\Local\Temp\ccWeJWKe.debug.temp.o
LOAD C:\Users\khanh\AppData\Local\Temp\ccz15iQs.debug.temp.o
LOAD C:\Users\khanh\AppData\Local\Temp\ccit44ZG.debug.temp.o
LOAD C:\Users\khanh\AppData\Local\Temp\cclb0xxV.debug.temp.o
LOAD C:\Users\khanh\AppData\Local\Temp\ccS8Pt99.debug.temp.o
LOAD C:\Users\khanh\AppData\Local\Temp\ccpueFxo.debug.temp.o
LOAD C:\Users\khanh\AppData\Local\Temp\cccKBh0C.debug.temp.o
LOAD C:\Users\khanh\AppData\Local\Temp\ccV7dvlV.debug.temp.o
LOAD C:\Users\khanh\AppData\Local\Temp\ccyKB0Jd.debug.temp.o
LOAD C:\Users\khanh\AppData\Local\Temp\ccL9gfZv.debug.temp.o
LOAD C:\Users\khanh\AppData\Local\Temp\ccuZl6AO.debug.temp.o
LOAD C:\Users\khanh\AppData\Local\Temp\cchrLmh7.debug.temp.o
LOAD C:\Users\khanh\AppData\Local\Temp\cciCEUJp.debug.temp.o
LOAD C:\Users\khanh\AppData\Local\Temp\ccNaE1hI.debug.temp.o
LOAD C:\Users\khanh\AppData\Local\Temp\cc8Bm41Z.debug.temp.o
LOAD C:\Users\khanh\AppData\Local\Temp\ccHilNCh.debug.temp.o
LOAD C:\Users\khanh\AppData\Local\Temp\ccwTiXhz.debug.temp.o
LOAD C:\Users\khanh\AppData\Local\Temp\ccBqA8mR.debug.temp.o
LOAD C:\Users\khanh\AppData\Local\Temp\ccWRQKw9.debug.temp.o
LOAD C:\Users\khanh\AppData\Local\Temp\ccjKWCsr.debug.temp.o
LOAD C:\Users\khanh\AppData\Local\Temp\ccGC2uoJ.debug.temp.o
LOAD C:\Users\khanh\AppData\Local\Temp\ccpyWOo1.debug.temp.o
LOAD C:\Users\khanh\AppData\Local\Temp\ccmtEwFi.debug.temp.o
LOAD C:\Users\khanh\AppData\Local\Temp\ccJxGDJz.debug.temp.o
LOAD C:\Users\khanh\AppData\Local\Temp\cc8aM9RQ.debug.temp.o
LOAD C:\Users\khanh\AppData\Local\Temp\ccbX9Hr8.debug.temp.o
LOAD C:\Users\khanh\AppData\Local\Temp\ccmjcxNp.debug.temp.o
LOAD C:\Users\khanh\AppData\Local\Temp\ccx3OEcH.debug.temp.o
LOAD C:\Users\khanh\AppData\Local\Temp\ccAJrINX.debug.temp.o
LOAD C:\Users\khanh\AppData\Local\Temp\ccZsSdte.debug.temp.o
LOAD C:\Users\khanh\AppData\Local\Temp\ccqD8YUu.debug.temp.o
LOAD C:\Users\khanh\AppData\Local\Temp\cc9KEbrL.debug.temp.o
LOAD C:\Users\khanh\AppData\Local\Temp\ccGSf9k2.debug.temp.o
LOAD C:\Users\khanh\AppData\Local\Temp\ccpcQM5i.debug.temp.o
LOAD C:\Users\khanh\AppData\Local\Temp\ccCLkTUz.debug.temp.o
LOAD C:\Users\khanh\AppData\Local\Temp\ccx78yCU.debug.temp.o
LOAD C:\Users\khanh\AppData\Local\Temp\ccqMXZif.debug.temp.o
LOAD C:\Users\khanh\AppData\Local\Temp\cczlLR3z.debug.temp.o
LOAD C:\Users\khanh\AppData\Local\Temp\ccWD20AU.debug.temp.o
LOAD C:\Users\khanh\AppData\Local\Temp\ccTY3bzf.debug.temp.o
LOAD C:\Users\khanh\AppData\Local\Temp\ccgtrPBA.debug.temp.o
LOAD C:\Users\khanh\AppData\Local\Temp\ccROuQrV.debug.temp.o
LOAD C:\Users\khanh\AppData\Local\Temp\ccI4wimg.debug.temp.o
LOAD C:\Users\khanh\AppData\Local\Temp\ccF7g7wA.debug.temp.o
LOAD C:\Users\khanh\AppData\Local\Temp\ccKKFcuU.debug.temp.o
LOAD C:\Users\khanh\AppData\Local\Temp\ccROVAue.debug.temp.o
LOAD C:\Users\khanh\AppData\Local\Temp\ccYSbZuy.debug.temp.o
LOAD C:\Users\khanh\AppData\Local\Temp\ccRr5NXS.debug.temp.o
LOAD C:\Users\khanh\AppData\Local\Temp\ccSADTcd.debug.temp.o
LOAD C:\Users\khanh\AppData\Local\Temp\ccXlwowx.debug.temp.o
LOAD C:\Users\khanh\AppData\Local\Temp\cc26oTPR.debug.temp.o
LOAD C:\Users\khanh\AppData\Local\Temp\ccZNhklb.debug.temp.o
LOAD C:\Users\khanh\AppData\Local\Temp\ccamSbVu.debug.temp.o
LOAD C:\Users\khanh\AppData\Local\Temp\cc1XLTmO.debug.temp.o
LOAD C:\Users\khanh\AppData\Local\Temp\ccgOYcb8.debug.temp.o
LOAD C:\Users\khanh\AppData\Local\Temp\ccvEbwZr.debug.temp.o
LOAD C:\Users\khanh\AppData\Local\Temp\cc0ongSL.debug.temp.o
LOAD C:\Users\khanh\AppData\Local\Temp\ccDJdhx5.debug.temp.o
LOAD C:\Users\khanh\AppData\Local\Temp\ccwY2Igp.debug.temp.o
LOAD C:\Users\khanh\AppData\Local\Temp\ccbSQZaI.debug.temp.o
LOAD C:\Users\khanh\AppData\Local\Temp\ccQLEg50.debug.temp.o
LOAD C:\Users\khanh\AppData\Local\Temp\ccVcnfQj.debug.temp.o
LOAD C:\Users\khanh\AppData\Local\Temp\cc0D5dBC.debug.temp.o
LOAD C:\Users\khanh\AppData\Local\Temp\cc9G8BqV.debug.temp.o
LOAD C:\Users\khanh\AppData\Local\Temp\ccQdSCCe.debug.temp.o
LOAD C:\Users\khanh\AppData\Local\Temp\ccTVBbUx.debug.temp.o
LOAD C:\Users\khanh\AppData\Local\Temp\ccWDlKbR.debug.temp.o
LOAD C:\Users\khanh\AppData\Local\Temp\cc7VJzfa.debug.temp.o
LOAD C:\Users\khanh\AppData\Local\Temp\ccInuRnt.debug.temp.o
LOAD C:\Users\khanh\AppData\Local\Temp\cch0KKoQ.debug.temp.o
LOAD C:\Users\khanh\AppData\Local\Temp\cc4tJ4td.debug.temp.o
LOAD C:\Users\khanh\AppData\Local\Temp\cc1ADFlA.debug.temp.o
LOAD C:\Users\khanh\AppData\Local\Temp\cc0aI6kX.debug.temp.o
LOAD C:\Users\khanh\AppData\Local\Temp\cclWO8Gk.debug.temp.o
LOAD C:\Users\khanh\AppData\Local\Temp\ccMmxA7H.debug.temp.o
LOAD C:\Users\khanh\AppData\Local\Temp\ccvChkk5.debug.temp.o
LOAD C:\Users\khanh\AppData\Local\Temp\ccwPhvBs.debug.temp.o
LOAD C:\Users\khanh\AppData\Local\Temp\ccFuGK5O.debug.temp.o
LOAD C:\Users\khanh\AppData\Local\Temp\cc433qEb.debug.temp.o
LOAD C:\Users\khanh\AppData\Local\Temp\cczaPnZx.debug.temp.o
LOAD C:\Users\khanh\AppData\Local\Temp\cc4gAkkU.debug.temp.o
LOAD C:\Users\khanh\AppData\Local\Temp\ccPhkIJg.debug.temp.o
LOAD C:\Users\khanh\AppData\Local\Temp\cc0zEHvD.debug.temp.o
LOAD C:\Users\khanh\AppData\Local\Temp\cc9ciZk0.debug.temp.o
LOAD C:\Users\khanh\AppData\Local\Temp\ccqqAxWm.debug.temp.o
LOAD C:\Users\khanh\AppData\Local\Temp\ccNiuvCJ.debug.temp.o
LOAD C:\Users\khanh\AppData\Local\Temp\ccgsjru5.debug.temp.o
LOAD C:\Users\khanh\AppData\Local\Temp\ccJ7ULqr.debug.temp.o
LOAD C:\Users\khanh\AppData\Local\Temp\ccmqsn9M.debug.temp.o
LOAD C:\Users\khanh\AppData\Local\Temp\ccv9myX8.debug.temp.o
LOAD C:\Users\khanh\AppData\Local\Temp\ccepfm8u.debug.temp.o
LOAD C:\Users\khanh\AppData\Local\Temp\cc7phAnR.debug.temp.o
LOAD C:\Users\khanh\AppData\Local\Temp\ccoVWvtd.debug.temp.o
LOAD C:\Users\khanh\AppData\Local\Temp\ccDJCcyz.debug.temp.o
LOAD C:\Users\khanh\AppData\Local\Temp\ccWLWQOU.debug.temp.o
LOAD C:\Users\khanh\AppData\Local\Temp\ccltSU9f.debug.temp.o
LOAD C:\Users\khanh\AppData\Local\Temp\ccSKsfhB.debug.temp.o
LOAD C:\Users\khanh\AppData\Local\Temp\ccHZi1sW.debug.temp.o
LOAD C:\Users\khanh\AppData\Local\Temp\ccaZQw2h.debug.temp.o
LOAD C:\Users\khanh\AppData\Local\Temp\ccTSntGD.debug.temp.o
LOAD C:\Users\khanh\AppData\Local\Temp\ccKmzG6Y.debug.temp.o
LOAD C:\Users\khanh\AppData\Local\Temp\ccRKJkBk.debug.temp.o
LOAD C:\Users\khanh\AppData\Local\Temp\ccK1LyYJ.debug.temp.o
LOAD C:\Users\khanh\AppData\Local\Temp\cc3rafq9.debug.temp.o
LOAD C:\Users\khanh\AppData\Local\Temp\ccuQNuHy.debug.temp.o
LOAD C:\Users\khanh\AppData\Local\Temp\cclw1llY.debug.temp.o
LOAD C:\Users\khanh\AppData\Local\Temp\cceLiC3n.debug.temp.o
LOAD C:\Users\khanh\AppData\Local\Temp\ccfAe9xN.debug.temp.o
LOAD C:\Users\khanh\AppData\Local\Temp\ccOSOf8c.debug.temp.o
LOAD C:\Users\khanh\AppData\Local\Temp\ccf7oiUB.debug.temp.o
LOAD C:\Users\khanh\AppData\Local\Temp\cc6ulNK0.debug.temp.o
LOAD C:\Users\khanh\AppData\Local\Temp\ccdF2znp.debug.temp.o
LOAD C:\Users\khanh\AppData\Local\Temp\ccuATM4N.debug.temp.o
LOAD C:\Users\khanh\AppData\Local\Temp\ccLvKZLc.debug.temp.o
LOAD C:\Users\khanh\AppData\Local\Temp\ccabPcTB.debug.temp.o
LOAD C:\Users\khanh\AppData\Local\Temp\ccDseP40.debug.temp.o
LOAD C:\Users\khanh\AppData\Local\Temp\ccqCWJ2p.debug.temp.o
LOAD C:\Users\khanh\AppData\Local\Temp\ccdMEE0O.debug.temp.o
LOAD C:\Users\khanh\AppData\Local\Temp\cc4FNVed.debug.temp.o
LOAD C:\Users\khanh\AppData\Local\Temp\cchDKExB.debug.temp.o
LOAD C:\Users\khanh\AppData\Local\Temp\ccQDtMDZ.debug.temp.o
LOAD C:\Users\khanh\AppData\Local\Temp\ccHBslOn.debug.temp.o
LOAD C:\Users\khanh\AppData\Local\Temp\ccIsPtlM.debug.temp.o
LOAD C:\Users\khanh\AppData\Local\Temp\cc1gs3Wa.debug.temp.o
LOAD C:\Users\khanh\AppData\Local\Temp\cck54Cyz.debug.temp.o
LOAD C:\Users\khanh\AppData\Local\Temp\ccLRWLZX.debug.temp.o
LOAD C:\Users\khanh\AppData\Local\Temp\ccePbSCl.debug.temp.o
LOAD C:\Users\khanh\AppData\Local\Temp\ccHMqYfJ.debug.temp.o
LOAD C:\Users\khanh\AppData\Local\Temp\ccgphuX6.debug.temp.o
LOAD C:\Users\khanh\AppData\Local\Temp\ccXBMgru.debug.temp.o
LOAD C:\Users\khanh\AppData\Local\Temp\cc4XDvZR.debug.temp.o
LOAD C:\Users\khanh\AppData\Local\Temp\ccP4cuVf.debug.temp.o
LOAD C:\Users\khanh\AppData\Local\Temp\ccAbMsRD.debug.temp.o
LOAD C:\Users\khanh\AppData\Local\Temp\ccBckSR1.debug.temp.o
LOAD C:\Users\khanh\AppData\Local\Temp\ccMQNyEp.debug.temp.o
LOAD C:\Users\khanh\AppData\Local\Temp\ccNRPrwN.debug.temp.o
LOAD CMakeFiles/slc.dir/base/F_/FPT/Gateway/Xg26_Gateway_NCP/simplicity_sdk_2025.6.3/hardware/board/src/sl_board_init.c.obj
LOAD CMakeFiles/slc.dir/base/F_/FPT/Gateway/Xg26_Gateway_NCP/simplicity_sdk_2025.6.3/hardware/driver/configuration_over_swo/src/sl_cos.c.obj
LOAD CMakeFiles/slc.dir/base/F_/FPT/Gateway/Xg26_Gateway_NCP/simplicity_sdk_2025.6.3/hardware/driver/mx25_flash_shutdown/src/sl_mx25_flash_shutdown_eusart/sl_mx25_flash_shutdown.c.obj
LOAD CMakeFiles/slc.dir/base/F_/FPT/Gateway/Xg26_Gateway_NCP/simplicity_sdk_2025.6.3/platform/bootloader/api/btl_interface.c.obj
LOAD CMakeFiles/slc.dir/base/F_/FPT/Gateway/Xg26_Gateway_NCP/simplicity_sdk_2025.6.3/platform/bootloader/api/btl_interface_storage.c.obj
LOAD CMakeFiles/slc.dir/base/F_/FPT/Gateway/Xg26_Gateway_NCP/simplicity_sdk_2025.6.3/platform/bootloader/app_properties/app_properties.c.obj
LOAD CMakeFiles/slc.dir/base/F_/FPT/Gateway/Xg26_Gateway_NCP/simplicity_sdk_2025.6.3/platform/bootloader/core/flash/btl_internal_flash.c.obj
LOAD CMakeFiles/slc.dir/base/F_/FPT/Gateway/Xg26_Gateway_NCP/simplicity_sdk_2025.6.3/platform/common/src/sl_assert.c.obj
LOAD CMakeFiles/slc.dir/base/F_/FPT/Gateway/Xg26_Gateway_NCP/simplicity_sdk_2025.6.3/platform/common/src/sl_core_cortexm.c.obj
LOAD CMakeFiles/slc.dir/base/F_/FPT/Gateway/Xg26_Gateway_NCP/simplicity_sdk_2025.6.3/platform/common/src/sl_slist.c.obj
LOAD CMakeFiles/slc.dir/base/F_/FPT/Gateway/Xg26_Gateway_NCP/simplicity_sdk_2025.6.3/platform/common/src/sl_string.c.obj
LOAD CMakeFiles/slc.dir/base/F_/FPT/Gateway/Xg26_Gateway_NCP/simplicity_sdk_2025.6.3/platform/common/src/sl_syscalls.c.obj
LOAD CMakeFiles/slc.dir/base/F_/FPT/Gateway/Xg26_Gateway_NCP/simplicity_sdk_2025.6.3/platform/Device/SiliconLabs/EFR32MG26/Source/startup_efr32mg26.c.obj
LOAD CMakeFiles/slc.dir/base/F_/FPT/Gateway/Xg26_Gateway_NCP/simplicity_sdk_2025.6.3/platform/Device/SiliconLabs/EFR32MG26/Source/system_efr32mg26.c.obj
LOAD CMakeFiles/slc.dir/base/F_/FPT/Gateway/Xg26_Gateway_NCP/simplicity_sdk_2025.6.3/platform/driver/debug/src/sl_debug_swo.c.obj
LOAD CMakeFiles/slc.dir/base/F_/FPT/Gateway/Xg26_Gateway_NCP/simplicity_sdk_2025.6.3/platform/driver/gpio/src/sl_gpio.c.obj
LOAD CMakeFiles/slc.dir/base/F_/FPT/Gateway/Xg26_Gateway_NCP/simplicity_sdk_2025.6.3/platform/emdrv/dmadrv/src/dmadrv.c.obj
LOAD CMakeFiles/slc.dir/base/F_/FPT/Gateway/Xg26_Gateway_NCP/simplicity_sdk_2025.6.3/platform/emdrv/nvm3/src/nvm3.c.obj
LOAD CMakeFiles/slc.dir/base/F_/FPT/Gateway/Xg26_Gateway_NCP/simplicity_sdk_2025.6.3/platform/emdrv/nvm3/src/nvm3_cache.c.obj
LOAD CMakeFiles/slc.dir/base/F_/FPT/Gateway/Xg26_Gateway_NCP/simplicity_sdk_2025.6.3/platform/emdrv/nvm3/src/nvm3_default_common_linker.c.obj
LOAD CMakeFiles/slc.dir/base/F_/FPT/Gateway/Xg26_Gateway_NCP/simplicity_sdk_2025.6.3/platform/emdrv/nvm3/src/nvm3_hal_flash.c.obj
LOAD CMakeFiles/slc.dir/base/F_/FPT/Gateway/Xg26_Gateway_NCP/simplicity_sdk_2025.6.3/platform/emdrv/nvm3/src/nvm3_lock.c.obj
LOAD CMakeFiles/slc.dir/base/F_/FPT/Gateway/Xg26_Gateway_NCP/simplicity_sdk_2025.6.3/platform/emdrv/nvm3/src/nvm3_object.c.obj
LOAD CMakeFiles/slc.dir/base/F_/FPT/Gateway/Xg26_Gateway_NCP/simplicity_sdk_2025.6.3/platform/emdrv/nvm3/src/nvm3_page.c.obj
LOAD CMakeFiles/slc.dir/base/F_/FPT/Gateway/Xg26_Gateway_NCP/simplicity_sdk_2025.6.3/platform/emdrv/nvm3/src/nvm3_utils.c.obj
LOAD CMakeFiles/slc.dir/base/F_/FPT/Gateway/Xg26_Gateway_NCP/simplicity_sdk_2025.6.3/platform/emlib/src/em_burtc.c.obj
LOAD CMakeFiles/slc.dir/base/F_/FPT/Gateway/Xg26_Gateway_NCP/simplicity_sdk_2025.6.3/platform/emlib/src/em_cmu.c.obj
LOAD CMakeFiles/slc.dir/base/F_/FPT/Gateway/Xg26_Gateway_NCP/simplicity_sdk_2025.6.3/platform/emlib/src/em_emu.c.obj
LOAD CMakeFiles/slc.dir/base/F_/FPT/Gateway/Xg26_Gateway_NCP/simplicity_sdk_2025.6.3/platform/emlib/src/em_eusart.c.obj
LOAD CMakeFiles/slc.dir/base/F_/FPT/Gateway/Xg26_Gateway_NCP/simplicity_sdk_2025.6.3/platform/emlib/src/em_gpio.c.obj
LOAD CMakeFiles/slc.dir/base/F_/FPT/Gateway/Xg26_Gateway_NCP/simplicity_sdk_2025.6.3/platform/emlib/src/em_ldma.c.obj
LOAD CMakeFiles/slc.dir/base/F_/FPT/Gateway/Xg26_Gateway_NCP/simplicity_sdk_2025.6.3/platform/emlib/src/em_msc.c.obj
LOAD CMakeFiles/slc.dir/base/F_/FPT/Gateway/Xg26_Gateway_NCP/simplicity_sdk_2025.6.3/platform/emlib/src/em_prs.c.obj
LOAD CMakeFiles/slc.dir/base/F_/FPT/Gateway/Xg26_Gateway_NCP/simplicity_sdk_2025.6.3/platform/emlib/src/em_rmu.c.obj
LOAD CMakeFiles/slc.dir/base/F_/FPT/Gateway/Xg26_Gateway_NCP/simplicity_sdk_2025.6.3/platform/emlib/src/em_system.c.obj
LOAD CMakeFiles/slc.dir/base/F_/FPT/Gateway/Xg26_Gateway_NCP/simplicity_sdk_2025.6.3/platform/emlib/src/em_timer.c.obj
LOAD CMakeFiles/slc.dir/base/F_/FPT/Gateway/Xg26_Gateway_NCP/simplicity_sdk_2025.6.3/platform/emlib/src/em_usart.c.obj
LOAD CMakeFiles/slc.dir/base/F_/FPT/Gateway/Xg26_Gateway_NCP/simplicity_sdk_2025.6.3/platform/emlib/src/em_wdog.c.obj
LOAD CMakeFiles/slc.dir/base/F_/FPT/Gateway/Xg26_Gateway_NCP/simplicity_sdk_2025.6.3/platform/peripheral/src/sl_hal_gpio.c.obj
LOAD CMakeFiles/slc.dir/base/F_/FPT/Gateway/Xg26_Gateway_NCP/simplicity_sdk_2025.6.3/platform/peripheral/src/sl_hal_sysrtc.c.obj
LOAD CMakeFiles/slc.dir/base/F_/FPT/Gateway/Xg26_Gateway_NCP/simplicity_sdk_2025.6.3/platform/radio/rail_lib/plugin/coexistence/protocol/ieee802154_uc/coexistence-802154.c.obj
LOAD CMakeFiles/slc.dir/base/F_/FPT/Gateway/Xg26_Gateway_NCP/simplicity_sdk_2025.6.3/platform/radio/rail_lib/plugin/pa-conversions/pa_conversions_efr32.c.obj
LOAD CMakeFiles/slc.dir/base/F_/FPT/Gateway/Xg26_Gateway_NCP/simplicity_sdk_2025.6.3/platform/radio/rail_lib/plugin/pa-conversions/pa_curves_efr32.c.obj
LOAD CMakeFiles/slc.dir/base/F_/FPT/Gateway/Xg26_Gateway_NCP/simplicity_sdk_2025.6.3/platform/radio/rail_lib/plugin/rail_util_ant_div/sl_rail_util_ant_div.c.obj
LOAD CMakeFiles/slc.dir/base/F_/FPT/Gateway/Xg26_Gateway_NCP/simplicity_sdk_2025.6.3/platform/radio/rail_lib/plugin/rail_util_built_in_phys/efr32xg26/sl_rail_ble_config_38M4Hz.c.obj
LOAD CMakeFiles/slc.dir/base/F_/FPT/Gateway/Xg26_Gateway_NCP/simplicity_sdk_2025.6.3/platform/radio/rail_lib/plugin/rail_util_built_in_phys/efr32xg26/sl_rail_ble_config_39MHz.c.obj
LOAD CMakeFiles/slc.dir/base/F_/FPT/Gateway/Xg26_Gateway_NCP/simplicity_sdk_2025.6.3/platform/radio/rail_lib/plugin/rail_util_built_in_phys/efr32xg26/sl_rail_ble_config_40MHz.c.obj
LOAD CMakeFiles/slc.dir/base/F_/FPT/Gateway/Xg26_Gateway_NCP/simplicity_sdk_2025.6.3/platform/radio/rail_lib/plugin/rail_util_built_in_phys/efr32xg26/sl_rail_ieee802154_config_38M4Hz.c.obj
LOAD CMakeFiles/slc.dir/base/F_/FPT/Gateway/Xg26_Gateway_NCP/simplicity_sdk_2025.6.3/platform/radio/rail_lib/plugin/rail_util_built_in_phys/efr32xg26/sl_rail_ieee802154_config_39MHz.c.obj
LOAD CMakeFiles/slc.dir/base/F_/FPT/Gateway/Xg26_Gateway_NCP/simplicity_sdk_2025.6.3/platform/radio/rail_lib/plugin/rail_util_built_in_phys/efr32xg26/sl_rail_ieee802154_config_40MHz.c.obj
LOAD CMakeFiles/slc.dir/base/F_/FPT/Gateway/Xg26_Gateway_NCP/simplicity_sdk_2025.6.3/platform/radio/rail_lib/plugin/rail_util_built_in_phys/efr32xg26/sl_rail_rfsense_ook_config_38M4Hz.c.obj
LOAD CMakeFiles/slc.dir/base/F_/FPT/Gateway/Xg26_Gateway_NCP/simplicity_sdk_2025.6.3/platform/radio/rail_lib/plugin/rail_util_built_in_phys/efr32xg26/sl_rail_rfsense_ook_config_39MHz.c.obj
LOAD CMakeFiles/slc.dir/base/F_/FPT/Gateway/Xg26_Gateway_NCP/simplicity_sdk_2025.6.3/platform/radio/rail_lib/plugin/rail_util_built_in_phys/efr32xg26/sl_rail_rfsense_ook_config_40MHz.c.obj
LOAD CMakeFiles/slc.dir/base/F_/FPT/Gateway/Xg26_Gateway_NCP/simplicity_sdk_2025.6.3/platform/radio/rail_lib/plugin/rail_util_built_in_phys/sl_rail_phy_overrides.c.obj
LOAD CMakeFiles/slc.dir/base/F_/FPT/Gateway/Xg26_Gateway_NCP/simplicity_sdk_2025.6.3/platform/radio/rail_lib/plugin/rail_util_power_manager_init/sl_rail_util_power_manager_init.c.obj
LOAD CMakeFiles/slc.dir/base/F_/FPT/Gateway/Xg26_Gateway_NCP/simplicity_sdk_2025.6.3/platform/radio/rail_lib/plugin/rail_util_pti/sl_rail_util_pti.c.obj
LOAD CMakeFiles/slc.dir/base/F_/FPT/Gateway/Xg26_Gateway_NCP/simplicity_sdk_2025.6.3/platform/radio/rail_lib/plugin/rail_util_sequencer/sl_rail_util_sequencer.c.obj
LOAD CMakeFiles/slc.dir/base/F_/FPT/Gateway/Xg26_Gateway_NCP/simplicity_sdk_2025.6.3/platform/security/sl_component/se_manager/src/sl_se_manager.c.obj
LOAD CMakeFiles/slc.dir/base/F_/FPT/Gateway/Xg26_Gateway_NCP/simplicity_sdk_2025.6.3/platform/security/sl_component/se_manager/src/sl_se_manager_attestation.c.obj
LOAD CMakeFiles/slc.dir/base/F_/FPT/Gateway/Xg26_Gateway_NCP/simplicity_sdk_2025.6.3/platform/security/sl_component/se_manager/src/sl_se_manager_cipher.c.obj
LOAD CMakeFiles/slc.dir/base/F_/FPT/Gateway/Xg26_Gateway_NCP/simplicity_sdk_2025.6.3/platform/security/sl_component/se_manager/src/sl_se_manager_entropy.c.obj
LOAD CMakeFiles/slc.dir/base/F_/FPT/Gateway/Xg26_Gateway_NCP/simplicity_sdk_2025.6.3/platform/security/sl_component/se_manager/src/sl_se_manager_hash.c.obj
LOAD CMakeFiles/slc.dir/base/F_/FPT/Gateway/Xg26_Gateway_NCP/simplicity_sdk_2025.6.3/platform/security/sl_component/se_manager/src/sl_se_manager_key_derivation.c.obj
LOAD CMakeFiles/slc.dir/base/F_/FPT/Gateway/Xg26_Gateway_NCP/simplicity_sdk_2025.6.3/platform/security/sl_component/se_manager/src/sl_se_manager_key_handling.c.obj
LOAD CMakeFiles/slc.dir/base/F_/FPT/Gateway/Xg26_Gateway_NCP/simplicity_sdk_2025.6.3/platform/security/sl_component/se_manager/src/sl_se_manager_signature.c.obj
LOAD CMakeFiles/slc.dir/base/F_/FPT/Gateway/Xg26_Gateway_NCP/simplicity_sdk_2025.6.3/platform/security/sl_component/se_manager/src/sl_se_manager_util.c.obj
LOAD CMakeFiles/slc.dir/base/F_/FPT/Gateway/Xg26_Gateway_NCP/simplicity_sdk_2025.6.3/platform/security/sl_component/se_manager/src/sli_se_manager_mailbox.c.obj
LOAD CMakeFiles/slc.dir/base/F_/FPT/Gateway/Xg26_Gateway_NCP/simplicity_sdk_2025.6.3/platform/security/sl_component/sl_mbedtls_support/src/sl_mbedtls.c.obj
LOAD CMakeFiles/slc.dir/base/F_/FPT/Gateway/Xg26_Gateway_NCP/simplicity_sdk_2025.6.3/platform/security/sl_component/sl_mbedtls_support/src/sl_psa_crypto.c.obj
LOAD CMakeFiles/slc.dir/base/F_/FPT/Gateway/Xg26_Gateway_NCP/simplicity_sdk_2025.6.3/platform/security/sl_component/sl_mbedtls_support/src/sli_psa_crypto.c.obj
LOAD CMakeFiles/slc.dir/base/F_/FPT/Gateway/Xg26_Gateway_NCP/simplicity_sdk_2025.6.3/platform/security/sl_component/sl_psa_driver/src/sl_psa_its_nvm3.c.obj
LOAD CMakeFiles/slc.dir/base/F_/FPT/Gateway/Xg26_Gateway_NCP/simplicity_sdk_2025.6.3/platform/security/sl_component/sl_psa_driver/src/sli_psa_driver_common.c.obj
LOAD CMakeFiles/slc.dir/base/F_/FPT/Gateway/Xg26_Gateway_NCP/simplicity_sdk_2025.6.3/platform/security/sl_component/sl_psa_driver/src/sli_psa_driver_init.c.obj
LOAD CMakeFiles/slc.dir/base/F_/FPT/Gateway/Xg26_Gateway_NCP/simplicity_sdk_2025.6.3/platform/security/sl_component/sl_psa_driver/src/sli_psa_trng.c.obj
LOAD CMakeFiles/slc.dir/base/F_/FPT/Gateway/Xg26_Gateway_NCP/simplicity_sdk_2025.6.3/platform/security/sl_component/sl_psa_driver/src/sli_se_driver_aead.c.obj
LOAD CMakeFiles/slc.dir/base/F_/FPT/Gateway/Xg26_Gateway_NCP/simplicity_sdk_2025.6.3/platform/security/sl_component/sl_psa_driver/src/sli_se_driver_builtin_keys.c.obj
LOAD CMakeFiles/slc.dir/base/F_/FPT/Gateway/Xg26_Gateway_NCP/simplicity_sdk_2025.6.3/platform/security/sl_component/sl_psa_driver/src/sli_se_driver_cipher.c.obj
LOAD CMakeFiles/slc.dir/base/F_/FPT/Gateway/Xg26_Gateway_NCP/simplicity_sdk_2025.6.3/platform/security/sl_component/sl_psa_driver/src/sli_se_driver_key_derivation.c.obj
LOAD CMakeFiles/slc.dir/base/F_/FPT/Gateway/Xg26_Gateway_NCP/simplicity_sdk_2025.6.3/platform/security/sl_component/sl_psa_driver/src/sli_se_driver_key_management.c.obj
LOAD CMakeFiles/slc.dir/base/F_/FPT/Gateway/Xg26_Gateway_NCP/simplicity_sdk_2025.6.3/platform/security/sl_component/sl_psa_driver/src/sli_se_driver_mac.c.obj
LOAD CMakeFiles/slc.dir/base/F_/FPT/Gateway/Xg26_Gateway_NCP/simplicity_sdk_2025.6.3/platform/security/sl_component/sl_psa_driver/src/sli_se_driver_signature.c.obj
LOAD CMakeFiles/slc.dir/base/F_/FPT/Gateway/Xg26_Gateway_NCP/simplicity_sdk_2025.6.3/platform/security/sl_component/sl_psa_driver/src/sli_se_opaque_driver_aead.c.obj
LOAD CMakeFiles/slc.dir/base/F_/FPT/Gateway/Xg26_Gateway_NCP/simplicity_sdk_2025.6.3/platform/security/sl_component/sl_psa_driver/src/sli_se_opaque_driver_cipher.c.obj
LOAD CMakeFiles/slc.dir/base/F_/FPT/Gateway/Xg26_Gateway_NCP/simplicity_sdk_2025.6.3/platform/security/sl_component/sl_psa_driver/src/sli_se_opaque_driver_mac.c.obj
LOAD CMakeFiles/slc.dir/base/F_/FPT/Gateway/Xg26_Gateway_NCP/simplicity_sdk_2025.6.3/platform/security/sl_component/sl_psa_driver/src/sli_se_opaque_key_derivation.c.obj
LOAD CMakeFiles/slc.dir/base/F_/FPT/Gateway/Xg26_Gateway_NCP/simplicity_sdk_2025.6.3/platform/security/sl_component/sl_psa_driver/src/sli_se_transparent_driver_aead.c.obj
LOAD CMakeFiles/slc.dir/base/F_/FPT/Gateway/Xg26_Gateway_NCP/simplicity_sdk_2025.6.3/platform/security/sl_component/sl_psa_driver/src/sli_se_transparent_driver_cipher.c.obj
LOAD CMakeFiles/slc.dir/base/F_/FPT/Gateway/Xg26_Gateway_NCP/simplicity_sdk_2025.6.3/platform/security/sl_component/sl_psa_driver/src/sli_se_transparent_driver_hash.c.obj
LOAD CMakeFiles/slc.dir/base/F_/FPT/Gateway/Xg26_Gateway_NCP/simplicity_sdk_2025.6.3/platform/security/sl_component/sl_psa_driver/src/sli_se_transparent_driver_mac.c.obj
LOAD CMakeFiles/slc.dir/base/F_/FPT/Gateway/Xg26_Gateway_NCP/simplicity_sdk_2025.6.3/platform/security/sl_component/sl_psa_driver/src/sli_se_transparent_key_derivation.c.obj
LOAD CMakeFiles/slc.dir/base/F_/FPT/Gateway/Xg26_Gateway_NCP/simplicity_sdk_2025.6.3/platform/security/sl_component/sl_psa_driver/src/sli_se_version_dependencies.c.obj
LOAD CMakeFiles/slc.dir/base/F_/FPT/Gateway/Xg26_Gateway_NCP/simplicity_sdk_2025.6.3/platform/service/clock_manager/src/sl_clock_manager.c.obj
LOAD CMakeFiles/slc.dir/base/F_/FPT/Gateway/Xg26_Gateway_NCP/simplicity_sdk_2025.6.3/platform/service/clock_manager/src/sl_clock_manager_hal_s2.c.obj
LOAD CMakeFiles/slc.dir/base/F_/FPT/Gateway/Xg26_Gateway_NCP/simplicity_sdk_2025.6.3/platform/service/clock_manager/src/sl_clock_manager_init.c.obj
LOAD CMakeFiles/slc.dir/base/F_/FPT/Gateway/Xg26_Gateway_NCP/simplicity_sdk_2025.6.3/platform/service/clock_manager/src/sl_clock_manager_init_hal_s2.c.obj
LOAD CMakeFiles/slc.dir/base/F_/FPT/Gateway/Xg26_Gateway_NCP/simplicity_sdk_2025.6.3/platform/service/device_init/src/sl_device_init_dcdc_s2.c.obj
LOAD CMakeFiles/slc.dir/base/F_/FPT/Gateway/Xg26_Gateway_NCP/simplicity_sdk_2025.6.3/platform/service/device_manager/clocks/sl_device_clock_efr32xg26.c.obj
LOAD CMakeFiles/slc.dir/base/F_/FPT/Gateway/Xg26_Gateway_NCP/simplicity_sdk_2025.6.3/platform/service/device_manager/devices/sl_device_peripheral_hal_efr32xg26.c.obj
LOAD CMakeFiles/slc.dir/base/F_/FPT/Gateway/Xg26_Gateway_NCP/simplicity_sdk_2025.6.3/platform/service/device_manager/src/sl_device_clock.c.obj
LOAD CMakeFiles/slc.dir/base/F_/FPT/Gateway/Xg26_Gateway_NCP/simplicity_sdk_2025.6.3/platform/service/device_manager/src/sl_device_gpio.c.obj
LOAD CMakeFiles/slc.dir/base/F_/FPT/Gateway/Xg26_Gateway_NCP/simplicity_sdk_2025.6.3/platform/service/device_manager/src/sl_device_peripheral.c.obj
LOAD CMakeFiles/slc.dir/base/F_/FPT/Gateway/Xg26_Gateway_NCP/simplicity_sdk_2025.6.3/platform/service/hfxo_manager/src/sl_hfxo_manager.c.obj
LOAD CMakeFiles/slc.dir/base/F_/FPT/Gateway/Xg26_Gateway_NCP/simplicity_sdk_2025.6.3/platform/service/hfxo_manager/src/sl_hfxo_manager_hal_s2.c.obj
LOAD CMakeFiles/slc.dir/base/F_/FPT/Gateway/Xg26_Gateway_NCP/simplicity_sdk_2025.6.3/platform/service/interrupt_manager/src/sl_interrupt_manager_cortexm.c.obj
LOAD CMakeFiles/slc.dir/base/F_/FPT/Gateway/Xg26_Gateway_NCP/simplicity_sdk_2025.6.3/platform/service/iostream/src/sl_iostream.c.obj
LOAD CMakeFiles/slc.dir/base/F_/FPT/Gateway/Xg26_Gateway_NCP/simplicity_sdk_2025.6.3/platform/service/iostream/src/sl_iostream_debug.c.obj
LOAD CMakeFiles/slc.dir/base/F_/FPT/Gateway/Xg26_Gateway_NCP/simplicity_sdk_2025.6.3/platform/service/iostream/src/sl_iostream_swo_itm_8.c.obj
LOAD CMakeFiles/slc.dir/base/F_/FPT/Gateway/Xg26_Gateway_NCP/simplicity_sdk_2025.6.3/platform/service/iostream/src/sl_iostream_uart.c.obj
LOAD CMakeFiles/slc.dir/base/F_/FPT/Gateway/Xg26_Gateway_NCP/simplicity_sdk_2025.6.3/platform/service/iostream/src/sl_iostream_usart.c.obj
LOAD CMakeFiles/slc.dir/base/F_/FPT/Gateway/Xg26_Gateway_NCP/simplicity_sdk_2025.6.3/platform/service/iostream/src/sl_iostream_vuart.c.obj
LOAD CMakeFiles/slc.dir/base/F_/FPT/Gateway/Xg26_Gateway_NCP/simplicity_sdk_2025.6.3/platform/service/legacy_common_ash/src/ash-common.c.obj
LOAD CMakeFiles/slc.dir/base/F_/FPT/Gateway/Xg26_Gateway_NCP/simplicity_sdk_2025.6.3/platform/service/legacy_hal/src/base-replacement.c.obj
LOAD CMakeFiles/slc.dir/base/F_/FPT/Gateway/Xg26_Gateway_NCP/simplicity_sdk_2025.6.3/platform/service/legacy_hal/src/crc.c.obj
LOAD CMakeFiles/slc.dir/base/F_/FPT/Gateway/Xg26_Gateway_NCP/simplicity_sdk_2025.6.3/platform/service/legacy_hal/src/diagnostic.c.obj
LOAD CMakeFiles/slc.dir/base/F_/FPT/Gateway/Xg26_Gateway_NCP/simplicity_sdk_2025.6.3/platform/service/legacy_hal/src/ember-phy.c.obj
LOAD CMakeFiles/slc.dir/base/F_/FPT/Gateway/Xg26_Gateway_NCP/simplicity_sdk_2025.6.3/platform/service/legacy_hal/src/faults.s.obj
LOAD CMakeFiles/slc.dir/base/F_/FPT/Gateway/Xg26_Gateway_NCP/simplicity_sdk_2025.6.3/platform/service/legacy_hal/src/random.c.obj
LOAD CMakeFiles/slc.dir/base/F_/FPT/Gateway/Xg26_Gateway_NCP/simplicity_sdk_2025.6.3/platform/service/legacy_hal/src/token_legacy.c.obj
LOAD CMakeFiles/slc.dir/base/F_/FPT/Gateway/Xg26_Gateway_NCP/simplicity_sdk_2025.6.3/platform/service/legacy_hal_wdog/src/sl_legacy_hal_wdog.c.obj
LOAD CMakeFiles/slc.dir/base/F_/FPT/Gateway/Xg26_Gateway_NCP/simplicity_sdk_2025.6.3/platform/service/legacy_ncp_ash/src/ash-ncp.c.obj
LOAD CMakeFiles/slc.dir/base/F_/FPT/Gateway/Xg26_Gateway_NCP/simplicity_sdk_2025.6.3/platform/service/memory_manager/src/sl_memory_manager.c.obj
LOAD CMakeFiles/slc.dir/base/F_/FPT/Gateway/Xg26_Gateway_NCP/simplicity_sdk_2025.6.3/platform/service/memory_manager/src/sl_memory_manager_dynamic_reservation.c.obj
LOAD CMakeFiles/slc.dir/base/F_/FPT/Gateway/Xg26_Gateway_NCP/simplicity_sdk_2025.6.3/platform/service/memory_manager/src/sl_memory_manager_pool.c.obj
LOAD CMakeFiles/slc.dir/base/F_/FPT/Gateway/Xg26_Gateway_NCP/simplicity_sdk_2025.6.3/platform/service/memory_manager/src/sl_memory_manager_pool_common.c.obj
LOAD CMakeFiles/slc.dir/base/F_/FPT/Gateway/Xg26_Gateway_NCP/simplicity_sdk_2025.6.3/platform/service/memory_manager/src/sl_memory_manager_region.c.obj
LOAD CMakeFiles/slc.dir/base/F_/FPT/Gateway/Xg26_Gateway_NCP/simplicity_sdk_2025.6.3/platform/service/memory_manager/src/sl_memory_manager_retarget.c.obj
LOAD CMakeFiles/slc.dir/base/F_/FPT/Gateway/Xg26_Gateway_NCP/simplicity_sdk_2025.6.3/platform/service/memory_manager/src/sli_memory_manager_common.c.obj
LOAD CMakeFiles/slc.dir/base/F_/FPT/Gateway/Xg26_Gateway_NCP/simplicity_sdk_2025.6.3/platform/service/power_manager/src/common/sl_power_manager_common.c.obj
LOAD CMakeFiles/slc.dir/base/F_/FPT/Gateway/Xg26_Gateway_NCP/simplicity_sdk_2025.6.3/platform/service/power_manager/src/common/sl_power_manager_em4.c.obj
LOAD CMakeFiles/slc.dir/base/F_/FPT/Gateway/Xg26_Gateway_NCP/simplicity_sdk_2025.6.3/platform/service/power_manager/src/sleep_loop/sl_power_manager.c.obj
LOAD CMakeFiles/slc.dir/base/F_/FPT/Gateway/Xg26_Gateway_NCP/simplicity_sdk_2025.6.3/platform/service/power_manager/src/sleep_loop/sl_power_manager_debug.c.obj
LOAD CMakeFiles/slc.dir/base/F_/FPT/Gateway/Xg26_Gateway_NCP/simplicity_sdk_2025.6.3/platform/service/power_manager/src/sleep_loop/sl_power_manager_hal_s2.c.obj
LOAD CMakeFiles/slc.dir/base/F_/FPT/Gateway/Xg26_Gateway_NCP/simplicity_sdk_2025.6.3/platform/service/sl_main/src/sl_main_init.c.obj
LOAD CMakeFiles/slc.dir/base/F_/FPT/Gateway/Xg26_Gateway_NCP/simplicity_sdk_2025.6.3/platform/service/sl_main/src/sl_main_init_memory.c.obj
LOAD CMakeFiles/slc.dir/base/F_/FPT/Gateway/Xg26_Gateway_NCP/simplicity_sdk_2025.6.3/platform/service/sl_main/src/sl_main_process_action.c.obj
LOAD CMakeFiles/slc.dir/base/F_/FPT/Gateway/Xg26_Gateway_NCP/simplicity_sdk_2025.6.3/platform/service/sleeptimer/src/sl_sleeptimer.c.obj
LOAD CMakeFiles/slc.dir/base/F_/FPT/Gateway/Xg26_Gateway_NCP/simplicity_sdk_2025.6.3/platform/service/sleeptimer/src/sl_sleeptimer_hal_burtc.c.obj
LOAD CMakeFiles/slc.dir/base/F_/FPT/Gateway/Xg26_Gateway_NCP/simplicity_sdk_2025.6.3/platform/service/sleeptimer/src/sl_sleeptimer_hal_sysrtc.c.obj
LOAD CMakeFiles/slc.dir/base/F_/FPT/Gateway/Xg26_Gateway_NCP/simplicity_sdk_2025.6.3/platform/service/sleeptimer/src/sl_sleeptimer_hal_timer.c.obj
LOAD CMakeFiles/slc.dir/base/F_/FPT/Gateway/Xg26_Gateway_NCP/simplicity_sdk_2025.6.3/platform/service/token_manager/legacy/src/sl_token_def.c.obj
LOAD CMakeFiles/slc.dir/base/F_/FPT/Gateway/Xg26_Gateway_NCP/simplicity_sdk_2025.6.3/platform/service/token_manager/legacy/src/sl_token_manager.c.obj
LOAD CMakeFiles/slc.dir/base/F_/FPT/Gateway/Xg26_Gateway_NCP/simplicity_sdk_2025.6.3/platform/service/token_manager/legacy/src/sl_token_manufacturing.c.obj
LOAD CMakeFiles/slc.dir/base/F_/FPT/Gateway/Xg26_Gateway_NCP/simplicity_sdk_2025.6.3/platform/service/token_manager/legacy/src/sl_token_manufacturing_generic.c.obj
LOAD CMakeFiles/slc.dir/base/F_/FPT/Gateway/Xg26_Gateway_NCP/simplicity_sdk_2025.6.3/platform/service/token_manager/src/sl_token_manager_api.c.obj
LOAD CMakeFiles/slc.dir/base/F_/FPT/Gateway/Xg26_Gateway_NCP/simplicity_sdk_2025.6.3/platform/service/token_manager/src/sl_token_manager_lock.c.obj
LOAD CMakeFiles/slc.dir/base/F_/FPT/Gateway/Xg26_Gateway_NCP/simplicity_sdk_2025.6.3/platform/service/token_manager/src/sli_token_manager_dynamic.c.obj
LOAD CMakeFiles/slc.dir/base/F_/FPT/Gateway/Xg26_Gateway_NCP/simplicity_sdk_2025.6.3/platform/service/token_manager/src/sli_token_manager_internal.c.obj
LOAD CMakeFiles/slc.dir/base/F_/FPT/Gateway/Xg26_Gateway_NCP/simplicity_sdk_2025.6.3/platform/service/token_manager/src/sli_token_manager_manufacturing.c.obj
LOAD CMakeFiles/slc.dir/base/F_/FPT/Gateway/Xg26_Gateway_NCP/simplicity_sdk_2025.6.3/platform/service/udelay/src/sl_udelay.c.obj
LOAD CMakeFiles/slc.dir/base/F_/FPT/Gateway/Xg26_Gateway_NCP/simplicity_sdk_2025.6.3/platform/service/udelay/src/sl_udelay_armv6m_gcc.S.obj
LOAD CMakeFiles/slc.dir/base/F_/FPT/Gateway/Xg26_Gateway_NCP/simplicity_sdk_2025.6.3/protocol/zigbee/app/em260/command-handlers-binding-generated.c.obj
LOAD CMakeFiles/slc.dir/base/F_/FPT/Gateway/Xg26_Gateway_NCP/simplicity_sdk_2025.6.3/protocol/zigbee/app/em260/command-handlers-green-power-generated.c.obj
LOAD CMakeFiles/slc.dir/base/F_/FPT/Gateway/Xg26_Gateway_NCP/simplicity_sdk_2025.6.3/protocol/zigbee/app/em260/command-handlers-messaging-generated.c.obj
LOAD CMakeFiles/slc.dir/base/F_/FPT/Gateway/Xg26_Gateway_NCP/simplicity_sdk_2025.6.3/protocol/zigbee/app/em260/command-handlers-networking-generated.c.obj
LOAD CMakeFiles/slc.dir/base/F_/FPT/Gateway/Xg26_Gateway_NCP/simplicity_sdk_2025.6.3/protocol/zigbee/app/em260/command-handlers-security-generated.c.obj
LOAD CMakeFiles/slc.dir/base/F_/FPT/Gateway/Xg26_Gateway_NCP/simplicity_sdk_2025.6.3/protocol/zigbee/app/em260/command-handlers-trust-center-generated.c.obj
LOAD CMakeFiles/slc.dir/base/F_/FPT/Gateway/Xg26_Gateway_NCP/simplicity_sdk_2025.6.3/protocol/zigbee/app/em260/command-handlers-zll-generated.c.obj
LOAD CMakeFiles/slc.dir/base/F_/FPT/Gateway/Xg26_Gateway_NCP/simplicity_sdk_2025.6.3/protocol/zigbee/app/em260/em260-common.c.obj
LOAD CMakeFiles/slc.dir/base/F_/FPT/Gateway/Xg26_Gateway_NCP/simplicity_sdk_2025.6.3/protocol/zigbee/app/em260/ncp-stack-stub.c.obj
LOAD CMakeFiles/slc.dir/base/F_/FPT/Gateway/Xg26_Gateway_NCP/simplicity_sdk_2025.6.3/protocol/zigbee/app/em260/serial-interface-uart.c.obj
LOAD CMakeFiles/slc.dir/base/F_/FPT/Gateway/Xg26_Gateway_NCP/simplicity_sdk_2025.6.3/protocol/zigbee/app/framework/common/sl_zigbee_system_common.c.obj
LOAD CMakeFiles/slc.dir/base/F_/FPT/Gateway/Xg26_Gateway_NCP/simplicity_sdk_2025.6.3/protocol/zigbee/app/framework/common/zigbee_enhanced_routing.c.obj
LOAD CMakeFiles/slc.dir/base/F_/FPT/Gateway/Xg26_Gateway_NCP/simplicity_sdk_2025.6.3/protocol/zigbee/app/framework/common/zigbee_ncp_framework_cb.c.obj
LOAD CMakeFiles/slc.dir/base/F_/FPT/Gateway/Xg26_Gateway_NCP/simplicity_sdk_2025.6.3/protocol/zigbee/app/framework/common/zigbee_stack_sleep.c.obj
LOAD CMakeFiles/slc.dir/base/F_/FPT/Gateway/Xg26_Gateway_NCP/simplicity_sdk_2025.6.3/protocol/zigbee/app/framework/plugin/debug-print/sl_zigbee_debug_print.c.obj
LOAD CMakeFiles/slc.dir/base/F_/FPT/Gateway/Xg26_Gateway_NCP/simplicity_sdk_2025.6.3/protocol/zigbee/app/util/counters/counters.c.obj
LOAD CMakeFiles/slc.dir/base/F_/FPT/Gateway/Xg26_Gateway_NCP/simplicity_sdk_2025.6.3/protocol/zigbee/app/xncp/xncp-stubs.c.obj
LOAD CMakeFiles/slc.dir/base/F_/FPT/Gateway/Xg26_Gateway_NCP/simplicity_sdk_2025.6.3/protocol/zigbee/stack/config/sl_zigbee_callback_stubs.c.obj
LOAD CMakeFiles/slc.dir/base/F_/FPT/Gateway/Xg26_Gateway_NCP/simplicity_sdk_2025.6.3/protocol/zigbee/stack/config/sl_zigbee_configuration.c.obj
LOAD CMakeFiles/slc.dir/base/F_/FPT/Gateway/Xg26_Gateway_NCP/simplicity_sdk_2025.6.3/protocol/zigbee/stack/config/sl_zigbee_configuration_access.c.obj
LOAD CMakeFiles/slc.dir/base/F_/FPT/Gateway/Xg26_Gateway_NCP/simplicity_sdk_2025.6.3/protocol/zigbee/stack/config/sl_zigbee_endpoint_stubs.c.obj
LOAD CMakeFiles/slc.dir/base/F_/FPT/Gateway/Xg26_Gateway_NCP/simplicity_sdk_2025.6.3/protocol/zigbee/stack/core/multi-pan-common.c.obj
LOAD CMakeFiles/slc.dir/base/F_/FPT/Gateway/Xg26_Gateway_NCP/simplicity_sdk_2025.6.3/protocol/zigbee/stack/core/multi-pan-stub.c.obj
LOAD CMakeFiles/slc.dir/base/F_/FPT/Gateway/Xg26_Gateway_NCP/simplicity_sdk_2025.6.3/protocol/zigbee/stack/core/sl_zigbee_multi_network_stub.c.obj
LOAD CMakeFiles/slc.dir/base/F_/FPT/Gateway/Xg26_Gateway_NCP/simplicity_sdk_2025.6.3/protocol/zigbee/stack/framework/strong-random-api.c.obj
LOAD CMakeFiles/slc.dir/base/F_/FPT/Gateway/Xg26_Gateway_NCP/simplicity_sdk_2025.6.3/protocol/zigbee/stack/framework/zigbee-event-logger-stub-gen.c.obj
LOAD CMakeFiles/slc.dir/base/F_/FPT/Gateway/Xg26_Gateway_NCP/simplicity_sdk_2025.6.3/protocol/zigbee/stack/internal/src/baremetal/aes-mmo-baremetal-wrapper.c.obj
LOAD CMakeFiles/slc.dir/base/F_/FPT/Gateway/Xg26_Gateway_NCP/simplicity_sdk_2025.6.3/protocol/zigbee/stack/internal/src/baremetal/binding-table-baremetal-callbacks.c.obj
LOAD CMakeFiles/slc.dir/base/F_/FPT/Gateway/Xg26_Gateway_NCP/simplicity_sdk_2025.6.3/protocol/zigbee/stack/internal/src/baremetal/binding-table-baremetal-wrapper.c.obj
LOAD CMakeFiles/slc.dir/base/F_/FPT/Gateway/Xg26_Gateway_NCP/simplicity_sdk_2025.6.3/protocol/zigbee/stack/internal/src/baremetal/bootload_baremetal_callbacks.c.obj
LOAD CMakeFiles/slc.dir/base/F_/FPT/Gateway/Xg26_Gateway_NCP/simplicity_sdk_2025.6.3/protocol/zigbee/stack/internal/src/baremetal/bootload_baremetal_wrapper.c.obj
LOAD CMakeFiles/slc.dir/base/F_/FPT/Gateway/Xg26_Gateway_NCP/simplicity_sdk_2025.6.3/protocol/zigbee/stack/internal/src/baremetal/child_baremetal_callbacks.c.obj
LOAD CMakeFiles/slc.dir/base/F_/FPT/Gateway/Xg26_Gateway_NCP/simplicity_sdk_2025.6.3/protocol/zigbee/stack/internal/src/baremetal/child_baremetal_wrapper.c.obj
LOAD CMakeFiles/slc.dir/base/F_/FPT/Gateway/Xg26_Gateway_NCP/simplicity_sdk_2025.6.3/protocol/zigbee/stack/internal/src/baremetal/gp-proxy-table-baremetal-wrapper.c.obj
LOAD CMakeFiles/slc.dir/base/F_/FPT/Gateway/Xg26_Gateway_NCP/simplicity_sdk_2025.6.3/protocol/zigbee/stack/internal/src/baremetal/gp-sink-table-baremetal-wrapper.c.obj
LOAD CMakeFiles/slc.dir/base/F_/FPT/Gateway/Xg26_Gateway_NCP/simplicity_sdk_2025.6.3/protocol/zigbee/stack/internal/src/baremetal/gp-types-baremetal-wrapper.c.obj
LOAD CMakeFiles/slc.dir/base/F_/FPT/Gateway/Xg26_Gateway_NCP/simplicity_sdk_2025.6.3/protocol/zigbee/stack/internal/src/baremetal/library_baremetal_wrapper.c.obj
LOAD CMakeFiles/slc.dir/base/F_/FPT/Gateway/Xg26_Gateway_NCP/simplicity_sdk_2025.6.3/protocol/zigbee/stack/internal/src/baremetal/mac-layer-baremetal-wrapper.c.obj
LOAD CMakeFiles/slc.dir/base/F_/FPT/Gateway/Xg26_Gateway_NCP/simplicity_sdk_2025.6.3/protocol/zigbee/stack/internal/src/baremetal/message_baremetal_callbacks.c.obj
LOAD CMakeFiles/slc.dir/base/F_/FPT/Gateway/Xg26_Gateway_NCP/simplicity_sdk_2025.6.3/protocol/zigbee/stack/internal/src/baremetal/message_baremetal_wrapper.c.obj
LOAD CMakeFiles/slc.dir/base/F_/FPT/Gateway/Xg26_Gateway_NCP/simplicity_sdk_2025.6.3/protocol/zigbee/stack/internal/src/baremetal/multi-phy-baremetal-wrapper.c.obj
LOAD CMakeFiles/slc.dir/base/F_/FPT/Gateway/Xg26_Gateway_NCP/simplicity_sdk_2025.6.3/protocol/zigbee/stack/internal/src/baremetal/network-formation-baremetal-callbacks.c.obj
LOAD CMakeFiles/slc.dir/base/F_/FPT/Gateway/Xg26_Gateway_NCP/simplicity_sdk_2025.6.3/protocol/zigbee/stack/internal/src/baremetal/network-formation-baremetal-wrapper.c.obj
LOAD CMakeFiles/slc.dir/base/F_/FPT/Gateway/Xg26_Gateway_NCP/simplicity_sdk_2025.6.3/protocol/zigbee/stack/internal/src/baremetal/raw-message-baremetal-callbacks.c.obj
LOAD CMakeFiles/slc.dir/base/F_/FPT/Gateway/Xg26_Gateway_NCP/simplicity_sdk_2025.6.3/protocol/zigbee/stack/internal/src/baremetal/raw-message-baremetal-wrapper.c.obj
LOAD CMakeFiles/slc.dir/base/F_/FPT/Gateway/Xg26_Gateway_NCP/simplicity_sdk_2025.6.3/protocol/zigbee/stack/internal/src/baremetal/security_baremetal_callbacks.c.obj
LOAD CMakeFiles/slc.dir/base/F_/FPT/Gateway/Xg26_Gateway_NCP/simplicity_sdk_2025.6.3/protocol/zigbee/stack/internal/src/baremetal/security_baremetal_wrapper.c.obj
LOAD CMakeFiles/slc.dir/base/F_/FPT/Gateway/Xg26_Gateway_NCP/simplicity_sdk_2025.6.3/protocol/zigbee/stack/internal/src/baremetal/sl_zigbee_address_info_baremetal_wrapper.c.obj
LOAD CMakeFiles/slc.dir/base/F_/FPT/Gateway/Xg26_Gateway_NCP/simplicity_sdk_2025.6.3/protocol/zigbee/stack/internal/src/baremetal/sl_zigbee_duty_cycle_baremetal_callbacks.c.obj
LOAD CMakeFiles/slc.dir/base/F_/FPT/Gateway/Xg26_Gateway_NCP/simplicity_sdk_2025.6.3/protocol/zigbee/stack/internal/src/baremetal/sl_zigbee_duty_cycle_baremetal_wrapper.c.obj
LOAD CMakeFiles/slc.dir/base/F_/FPT/Gateway/Xg26_Gateway_NCP/simplicity_sdk_2025.6.3/protocol/zigbee/stack/internal/src/baremetal/sl_zigbee_memory_usage_baremetal_wrapper.c.obj
LOAD CMakeFiles/slc.dir/base/F_/FPT/Gateway/Xg26_Gateway_NCP/simplicity_sdk_2025.6.3/protocol/zigbee/stack/internal/src/baremetal/sl_zigbee_random_api_baremetal_wrapper.c.obj
LOAD CMakeFiles/slc.dir/base/F_/FPT/Gateway/Xg26_Gateway_NCP/simplicity_sdk_2025.6.3/protocol/zigbee/stack/internal/src/baremetal/sl_zigbee_token_baremetal_wrapper.c.obj
LOAD CMakeFiles/slc.dir/base/F_/FPT/Gateway/Xg26_Gateway_NCP/simplicity_sdk_2025.6.3/protocol/zigbee/stack/internal/src/baremetal/source-route-baremetal-wrapper.c.obj
LOAD CMakeFiles/slc.dir/base/F_/FPT/Gateway/Xg26_Gateway_NCP/simplicity_sdk_2025.6.3/protocol/zigbee/stack/internal/src/baremetal/stack-info-baremetal-callbacks.c.obj
LOAD CMakeFiles/slc.dir/base/F_/FPT/Gateway/Xg26_Gateway_NCP/simplicity_sdk_2025.6.3/protocol/zigbee/stack/internal/src/baremetal/stack-info-baremetal-wrapper.c.obj
LOAD CMakeFiles/slc.dir/base/F_/FPT/Gateway/Xg26_Gateway_NCP/simplicity_sdk_2025.6.3/protocol/zigbee/stack/internal/src/baremetal/trust-center-baremetal-callbacks.c.obj
LOAD CMakeFiles/slc.dir/base/F_/FPT/Gateway/Xg26_Gateway_NCP/simplicity_sdk_2025.6.3/protocol/zigbee/stack/internal/src/baremetal/trust-center-baremetal-wrapper.c.obj
LOAD CMakeFiles/slc.dir/base/F_/FPT/Gateway/Xg26_Gateway_NCP/simplicity_sdk_2025.6.3/protocol/zigbee/stack/internal/src/baremetal/zigbee-device-stack-baremetal-wrapper.c.obj
LOAD CMakeFiles/slc.dir/base/F_/FPT/Gateway/Xg26_Gateway_NCP/simplicity_sdk_2025.6.3/protocol/zigbee/stack/internal/src/baremetal/zigbee-security-manager-baremetal-wrapper.c.obj
LOAD CMakeFiles/slc.dir/base/F_/FPT/Gateway/Xg26_Gateway_NCP/simplicity_sdk_2025.6.3/protocol/zigbee/stack/internal/src/baremetal/zll-api-baremetal-callbacks.c.obj
LOAD CMakeFiles/slc.dir/base/F_/FPT/Gateway/Xg26_Gateway_NCP/simplicity_sdk_2025.6.3/protocol/zigbee/stack/internal/src/baremetal/zll-api-baremetal-wrapper.c.obj
LOAD CMakeFiles/slc.dir/base/F_/FPT/Gateway/Xg26_Gateway_NCP/simplicity_sdk_2025.6.3/protocol/zigbee/stack/internal/src/stubs/sl_zigbee_memory_usage_internal_weak_stubs.c.obj
LOAD CMakeFiles/slc.dir/base/F_/FPT/Gateway/Xg26_Gateway_NCP/simplicity_sdk_2025.6.3/protocol/zigbee/stack/internal/src/stubs/sl_zigbee_token_internal_weak_stubs.c.obj
LOAD CMakeFiles/slc.dir/base/F_/FPT/Gateway/Xg26_Gateway_NCP/simplicity_sdk_2025.6.3/protocol/zigbee/stack/internal/src/stubs/stack-info-internal-weak-stubs.c.obj
LOAD CMakeFiles/slc.dir/base/F_/FPT/Gateway/Xg26_Gateway_NCP/simplicity_sdk_2025.6.3/protocol/zigbee/stack/platform/sl_zigbee_token_legacy.c.obj
LOAD CMakeFiles/slc.dir/base/F_/FPT/Gateway/Xg26_Gateway_NCP/simplicity_sdk_2025.6.3/protocol/zigbee/stack/platform/zigbee_token_interface_stub.c.obj
LOAD CMakeFiles/slc.dir/base/F_/FPT/Gateway/Xg26_Gateway_NCP/simplicity_sdk_2025.6.3/protocol/zigbee/stack/security/cbke-crypto-engine-163k1-stub.c.obj
LOAD CMakeFiles/slc.dir/base/F_/FPT/Gateway/Xg26_Gateway_NCP/simplicity_sdk_2025.6.3/protocol/zigbee/stack/security/cbke-crypto-engine-283k1-stub.c.obj
LOAD CMakeFiles/slc.dir/base/F_/FPT/Gateway/Xg26_Gateway_NCP/simplicity_sdk_2025.6.3/protocol/zigbee/stack/security/cbke-crypto-engine-dsa-sign-stub.c.obj
LOAD CMakeFiles/slc.dir/base/F_/FPT/Gateway/Xg26_Gateway_NCP/simplicity_sdk_2025.6.3/protocol/zigbee/stack/security/cbke-crypto-engine-dsa-verify-283k1-stub.c.obj
LOAD CMakeFiles/slc.dir/base/F_/FPT/Gateway/Xg26_Gateway_NCP/simplicity_sdk_2025.6.3/protocol/zigbee/stack/security/cbke-crypto-engine-dsa-verify-stub.c.obj
LOAD CMakeFiles/slc.dir/base/F_/FPT/Gateway/Xg26_Gateway_NCP/simplicity_sdk_2025.6.3/protocol/zigbee/stack/security/cbke-crypto-engine-stub.c.obj
LOAD CMakeFiles/slc.dir/base/F_/FPT/Gateway/Xg26_Gateway_NCP/simplicity_sdk_2025.6.3/protocol/zigbee/stack/security/security-address-cache.c.obj
LOAD CMakeFiles/slc.dir/base/F_/FPT/Gateway/Xg26_Gateway_NCP/simplicity_sdk_2025.6.3/protocol/zigbee/stack/security/zigbee-secure-key-storage-upgrade.c.obj
LOAD CMakeFiles/slc.dir/base/F_/FPT/Gateway/Xg26_Gateway_NCP/simplicity_sdk_2025.6.3/protocol/zigbee/stack/security/zigbee-security-manager-vault-support.c.obj
LOAD CMakeFiles/slc.dir/base/F_/FPT/Gateway/Xg26_Gateway_NCP/simplicity_sdk_2025.6.3/protocol/zigbee/stack/security/zigbee-security-manager.c.obj
LOAD CMakeFiles/slc.dir/base/F_/FPT/Gateway/Xg26_Gateway_NCP/simplicity_sdk_2025.6.3/protocol/zigbee/stack/stubs/sl_zigbee_dynamic_commissioning_stubs.c.obj
LOAD CMakeFiles/slc.dir/base/F_/FPT/Gateway/Xg26_Gateway_NCP/simplicity_sdk_2025.6.3/protocol/zigbee/stack/stubs/sl_zigbee_fragmentation_stubs.c.obj
LOAD CMakeFiles/slc.dir/base/F_/FPT/Gateway/Xg26_Gateway_NCP/simplicity_sdk_2025.6.3/protocol/zigbee/stack/stubs/sl_zigbee_r23_misc_support_stubs.c.obj
LOAD CMakeFiles/slc.dir/base/F_/FPT/Gateway/Xg26_Gateway_NCP/simplicity_sdk_2025.6.3/protocol/zigbee/stack/zigbee/aps-keys-full.c.obj
LOAD CMakeFiles/slc.dir/base/F_/FPT/Gateway/Xg26_Gateway_NCP/simplicity_sdk_2025.6.3/protocol/zigbee/stack/zigbee/sli_zigbee_zdo_cluster_filter.c.obj
LOAD CMakeFiles/slc.dir/base/F_/FPT/Gateway/Xg26_Gateway_NCP/simplicity_sdk_2025.6.3/util/plugin/byte_utilities/byte-utilities.c.obj
LOAD CMakeFiles/slc.dir/base/F_/FPT/Gateway/Xg26_Gateway_NCP/simplicity_sdk_2025.6.3/util/plugin/security_manager/security_manager.c.obj
LOAD CMakeFiles/slc.dir/base/F_/FPT/Gateway/Xg26_Gateway_NCP/simplicity_sdk_2025.6.3/util/third_party/mbedtls/library/cipher.c.obj
LOAD CMakeFiles/slc.dir/base/F_/FPT/Gateway/Xg26_Gateway_NCP/simplicity_sdk_2025.6.3/util/third_party/mbedtls/library/cipher_wrap.c.obj
LOAD CMakeFiles/slc.dir/base/F_/FPT/Gateway/Xg26_Gateway_NCP/simplicity_sdk_2025.6.3/util/third_party/mbedtls/library/constant_time.c.obj
LOAD CMakeFiles/slc.dir/base/F_/FPT/Gateway/Xg26_Gateway_NCP/simplicity_sdk_2025.6.3/util/third_party/mbedtls/library/platform.c.obj
LOAD CMakeFiles/slc.dir/base/F_/FPT/Gateway/Xg26_Gateway_NCP/simplicity_sdk_2025.6.3/util/third_party/mbedtls/library/platform_util.c.obj
LOAD CMakeFiles/slc.dir/base/F_/FPT/Gateway/Xg26_Gateway_NCP/simplicity_sdk_2025.6.3/util/third_party/mbedtls/library/psa_crypto.c.obj
LOAD CMakeFiles/slc.dir/base/F_/FPT/Gateway/Xg26_Gateway_NCP/simplicity_sdk_2025.6.3/util/third_party/mbedtls/library/psa_crypto_aead.c.obj
LOAD CMakeFiles/slc.dir/base/F_/FPT/Gateway/Xg26_Gateway_NCP/simplicity_sdk_2025.6.3/util/third_party/mbedtls/library/psa_crypto_cipher.c.obj
LOAD CMakeFiles/slc.dir/base/F_/FPT/Gateway/Xg26_Gateway_NCP/simplicity_sdk_2025.6.3/util/third_party/mbedtls/library/psa_crypto_client.c.obj
LOAD CMakeFiles/slc.dir/base/F_/FPT/Gateway/Xg26_Gateway_NCP/simplicity_sdk_2025.6.3/util/third_party/mbedtls/library/psa_crypto_driver_wrappers_no_static.c.obj
LOAD CMakeFiles/slc.dir/base/F_/FPT/Gateway/Xg26_Gateway_NCP/simplicity_sdk_2025.6.3/util/third_party/mbedtls/library/psa_crypto_ecp.c.obj
LOAD CMakeFiles/slc.dir/base/F_/FPT/Gateway/Xg26_Gateway_NCP/simplicity_sdk_2025.6.3/util/third_party/mbedtls/library/psa_crypto_ffdh.c.obj
LOAD CMakeFiles/slc.dir/base/F_/FPT/Gateway/Xg26_Gateway_NCP/simplicity_sdk_2025.6.3/util/third_party/mbedtls/library/psa_crypto_hash.c.obj
LOAD CMakeFiles/slc.dir/base/F_/FPT/Gateway/Xg26_Gateway_NCP/simplicity_sdk_2025.6.3/util/third_party/mbedtls/library/psa_crypto_mac.c.obj
LOAD CMakeFiles/slc.dir/base/F_/FPT/Gateway/Xg26_Gateway_NCP/simplicity_sdk_2025.6.3/util/third_party/mbedtls/library/psa_crypto_pake.c.obj
LOAD CMakeFiles/slc.dir/base/F_/FPT/Gateway/Xg26_Gateway_NCP/simplicity_sdk_2025.6.3/util/third_party/mbedtls/library/psa_crypto_rsa.c.obj
LOAD CMakeFiles/slc.dir/base/F_/FPT/Gateway/Xg26_Gateway_NCP/simplicity_sdk_2025.6.3/util/third_party/mbedtls/library/psa_crypto_se.c.obj
LOAD CMakeFiles/slc.dir/base/F_/FPT/Gateway/Xg26_Gateway_NCP/simplicity_sdk_2025.6.3/util/third_party/mbedtls/library/psa_crypto_slot_management.c.obj
LOAD CMakeFiles/slc.dir/base/F_/FPT/Gateway/Xg26_Gateway_NCP/simplicity_sdk_2025.6.3/util/third_party/mbedtls/library/psa_crypto_storage.c.obj
LOAD CMakeFiles/slc.dir/base/F_/FPT/Gateway/Xg26_Gateway_NCP/simplicity_sdk_2025.6.3/util/third_party/mbedtls/library/psa_util.c.obj
LOAD CMakeFiles/slc.dir/base/F_/FPT/Gateway/Xg26_Gateway_NCP/simplicity_sdk_2025.6.3/util/third_party/mbedtls/library/threading.c.obj
LOAD CMakeFiles/slc.dir/base/F_/FPT/Gateway/Xg26_Gateway_NCP/simplicity_sdk_2025.6.3/util/third_party/printf/printf.c.obj
LOAD CMakeFiles/slc.dir/base/F_/FPT/Gateway/Xg26_Gateway_NCP/simplicity_sdk_2025.6.3/util/third_party/printf/src/iostream_printf.c.obj
LOAD CMakeFiles/slc.dir/base/F_/FPT/Gateway/Xg26_Gateway_NCP/simplicity_sdk_2025.6.3/util/third_party/segger/systemview/SEGGER/SEGGER_RTT.c.obj
LOAD CMakeFiles/slc.dir/base/F_/FPT/Gateway/Xg26_Gateway_NCP/app.c.obj
LOAD CMakeFiles/slc.dir/base/F_/FPT/Gateway/Xg26_Gateway_NCP/autogen/sl_board_default_init.c.obj
LOAD CMakeFiles/slc.dir/base/F_/FPT/Gateway/Xg26_Gateway_NCP/autogen/sl_event_handler.c.obj
LOAD CMakeFiles/slc.dir/base/F_/FPT/Gateway/Xg26_Gateway_NCP/autogen/sl_iostream_handles.c.obj
LOAD CMakeFiles/slc.dir/base/F_/FPT/Gateway/Xg26_Gateway_NCP/autogen/sl_iostream_init_usart_instances.c.obj
LOAD CMakeFiles/slc.dir/base/F_/FPT/Gateway/Xg26_Gateway_NCP/autogen/sl_power_manager_handler.c.obj
LOAD CMakeFiles/slc.dir/base/F_/FPT/Gateway/Xg26_Gateway_NCP/autogen/sl_rail_util_ieee802154_phy_select.c.obj
LOAD CMakeFiles/slc.dir/base/F_/FPT/Gateway/Xg26_Gateway_NCP/autogen/sl_rail_util_ieee802154_stack_event.c.obj
LOAD CMakeFiles/slc.dir/base/F_/FPT/Gateway/Xg26_Gateway_NCP/autogen/zigbee_common_callback_dispatcher.c.obj
LOAD CMakeFiles/slc.dir/base/F_/FPT/Gateway/Xg26_Gateway_NCP/autogen/zigbee_ncp_callback_dispatcher.c.obj
LOAD CMakeFiles/slc.dir/base/F_/FPT/Gateway/Xg26_Gateway_NCP/autogen/zigbee_stack_callback_dispatcher.c.obj
LOAD CMakeFiles/slc.dir/base/F_/FPT/Gateway/Xg26_Gateway_NCP/main.c.obj
START GROUP
LOAD c:/users/khanh/.silabs/slt/installs/conan/p/gcc-ab83b3403fdca6/p/bin/../lib/gcc/arm-none-eabi/12.2.1/thumb/v8-m.main+fp/hard\libgcc.a
LOAD c:/users/khanh/.silabs/slt/installs/conan/p/gcc-ab83b3403fdca6/p/bin/../lib/gcc/arm-none-eabi/12.2.1/thumb/v8-m.main+fp/hard\libc_nano.a
LOAD c:/users/khanh/.silabs/slt/installs/conan/p/gcc-ab83b3403fdca6/p/bin/../lib/gcc/arm-none-eabi/12.2.1/thumb/v8-m.main+fp/hard\libm.a
LOAD c:/users/khanh/.silabs/slt/installs/conan/p/gcc-ab83b3403fdca6/p/bin/../lib/gcc/arm-none-eabi/12.2.1/thumb/v8-m.main+fp/hard\libnosys.a
LOAD F:/FPT/Gateway/Xg26_Gateway_NCP/cmake_gcc/../simplicity_sdk_2025.6.3/platform/radio/rail_lib/autogen/librail_release/librail_efr32xg26_gcc_release.a
LOAD F:/FPT/Gateway/Xg26_Gateway_NCP/cmake_gcc/../simplicity_sdk_2025.6.3/protocol/zigbee/build/gcc/cortex-m33/zigbee-debug-basic/release_singlenetwork/libzigbee-debug-basic.a
LOAD F:/FPT/Gateway/Xg26_Gateway_NCP/cmake_gcc/../simplicity_sdk_2025.6.3/protocol/zigbee/build/gcc/cortex-m33/zigbee-debug-extended/release_singlenetwork/libzigbee-debug-extended.a
LOAD F:/FPT/Gateway/Xg26_Gateway_NCP/cmake_gcc/../simplicity_sdk_2025.6.3/protocol/zigbee/build/gcc/cortex-m33/ncp-gp-library/release_singlenetwork/libncp-gp-library.a
LOAD F:/FPT/Gateway/Xg26_Gateway_NCP/cmake_gcc/../simplicity_sdk_2025.6.3/protocol/zigbee/build/gcc/cortex-m33/zigbee-gp/release_singlenetwork/libzigbee-gp.a
LOAD F:/FPT/Gateway/Xg26_Gateway_NCP/cmake_gcc/../simplicity_sdk_2025.6.3/protocol/zigbee/build/gcc/cortex-m33/ncp-pro-library/release_singlenetwork/libncp-pro-library.a
LOAD F:/FPT/Gateway/Xg26_Gateway_NCP/cmake_gcc/../simplicity_sdk_2025.6.3/protocol/zigbee/build/gcc/cortex-m33/zigbee-ncp-uart/release_singlenetwork/libzigbee-ncp-uart.a
LOAD F:/FPT/Gateway/Xg26_Gateway_NCP/cmake_gcc/../simplicity_sdk_2025.6.3/protocol/zigbee/build/gcc/cortex-m33/zigbee-pro-stack/release_singlenetwork/libzigbee-pro-stack.a
LOAD F:/FPT/Gateway/Xg26_Gateway_NCP/cmake_gcc/../simplicity_sdk_2025.6.3/protocol/zigbee/build/gcc/cortex-m33/zigbee-r22-support/release_singlenetwork/libzigbee-r22-support.a
LOAD F:/FPT/Gateway/Xg26_Gateway_NCP/cmake_gcc/../simplicity_sdk_2025.6.3/protocol/zigbee/build/gcc/cortex-m33/ncp-source-route-library/release_singlenetwork/libncp-source-route-library.a
LOAD F:/FPT/Gateway/Xg26_Gateway_NCP/cmake_gcc/../simplicity_sdk_2025.6.3/protocol/zigbee/build/gcc/cortex-m33/zigbee-source-route/release_singlenetwork/libzigbee-source-route.a
LOAD F:/FPT/Gateway/Xg26_Gateway_NCP/cmake_gcc/../simplicity_sdk_2025.6.3/protocol/zigbee/build/gcc/cortex-m33/ncp-zll-library/release_singlenetwork/libncp-zll-library.a
LOAD F:/FPT/Gateway/Xg26_Gateway_NCP/cmake_gcc/../simplicity_sdk_2025.6.3/protocol/zigbee/build/gcc/cortex-m33/zigbee-zll/release_singlenetwork/libzigbee-zll.a
END GROUP
START GROUP
LOAD c:/users/khanh/.silabs/slt/installs/conan/p/gcc-ab83b3403fdca6/p/bin/../lib/gcc/arm-none-eabi/12.2.1/thumb/v8-m.main+fp/hard\libgcc.a
LOAD c:/users/khanh/.silabs/slt/installs/conan/p/gcc-ab83b3403fdca6/p/bin/../lib/gcc/arm-none-eabi/12.2.1/thumb/v8-m.main+fp/hard\libc_nano.a
END GROUP
START GROUP
LOAD c:/users/khanh/.silabs/slt/installs/conan/p/gcc-ab83b3403fdca6/p/bin/../lib/gcc/arm-none-eabi/12.2.1/thumb/v8-m.main+fp/hard\libgcc.a
LOAD c:/users/khanh/.silabs/slt/installs/conan/p/gcc-ab83b3403fdca6/p/bin/../lib/gcc/arm-none-eabi/12.2.1/thumb/v8-m.main+fp/hard\libc_nano.a
END GROUP
LOAD c:/users/khanh/.silabs/slt/installs/conan/p/gcc-ab83b3403fdca6/p/bin/../lib/gcc/arm-none-eabi/12.2.1/thumb/v8-m.main+fp/hard/crtend.o
LOAD c:/users/khanh/.silabs/slt/installs/conan/p/gcc-ab83b3403fdca6/p/bin/../lib/gcc/arm-none-eabi/12.2.1/thumb/v8-m.main+fp/hard/crtn.o

.vectors        0x08006000      0x1b4
                0x08006000                linker_vectors_begin = .
 *(.vectors)
 .vectors       0x08006000      0x1b4 C:\Users\khanh\AppData\Local\Temp\ccam560Y.ltrans0.ltrans.o
                0x08006000                __Vectors
                0x080061b4                linker_vectors_end = .
                0x080061b4                __Vectors_End = .
                0x080061b4                __Vectors_Size = (__Vectors_End - __Vectors)

.bootloader_reset_section
                0x20000000        0x4
                0x20000000                __ResetReasonStart__ = .
                0x20000004                . = (. + 0x4)
 *fill*         0x20000000        0x4 
                0x20000004                . = ALIGN (0x4)
                0x20000004                __ResetReasonEnd__ = .

.stack          0x20000008     0x1000
                0x20000008                . = ALIGN (0x8)
                0x20000008                __StackLimit = .
 *(.stack*)
 .stack         0x20000008     0x1000 C:\Users\khanh\AppData\Local\Temp\ccam560Y.ltrans6.ltrans.o
                0x20001008                . = ALIGN (0x4)
                0x20001008                __StackTop = .
                0x20001008                PROVIDE (__stack = __StackTop)

.bss            0x20001008     0x3030
                0x20001008                . = ALIGN (0x4)
                0x20001008                __bss_start__ = .
 *(SORT_BY_ALIGNMENT(.bss*))
 .bss           0x20001008     0x1950 C:\Users\khanh\AppData\Local\Temp\ccam560Y.ltrans0.ltrans.o
                0x20001170                chTable.lto_priv.0
                0x200011f0                dmaXfer.lto_priv.0
                0x20001334                initialized.lto_priv.0
                0x20001335                null_byte.lto_priv.0
                0x20001338                irqState
                0x20001394                nvm3_internalObjectHandleA
                0x200013f8                nvm3_defaultHandleData
                0x20001464                powerCurvesState.lto_priv.0
                0x20001480                sli_iostream_default.lto_priv.0
                0x20001484                encodeEscFlag.lto_priv.0
                0x20001485                encodeFlip.lto_priv.0
                0x20001488                overflow_counter.lto_priv.0
                0x2000148c                timer_frequency.lto_priv.0
                0x20001490                ashAckTimer
                0x20001494                ashFlags.lto_priv.0
                0x20001495                ackRx.lto_priv.0
                0x20001496                frmTx.lto_priv.0
                0x20001497                frmReTx.lto_priv.0
                0x20001498                rxBuffer.lto_priv.0
                0x2000149a                reTxQueue.lto_priv.0
                0x2000149c                rxFirstDataBuffer.lto_priv.0
                0x2000149e                rxFirstDataBufferFree
                0x200014a0                rxDataBuffer.lto_priv.0
                0x200014a2                rxLen.lto_priv.0
                0x200014a4                txQueue.lto_priv.0
                0x200014a6                txHighQueue.lto_priv.0
                0x200014a8                ashTimeouts.lto_priv.0
                0x200014aa                sendState.lto_priv.0
                0x200014ab                txBuffer.lto_priv.0
                0x200014ae                frmRx.lto_priv.0
                0x200014af                ackTx.lto_priv.0
                0x200014b0                sendBuffer.lto_priv.0
                0x200014b2                ashNrTimer
                0x200014b8                offset.0.lto_priv.0
                0x200014bc                sli_general_purpose_heap
                0x20001524                sl_iostream_debug.lto_priv.0
                0x20001548                current_em.lto_priv.0
                0x20001549                is_sleeping_waiting_for_clock_restore.lto_priv.0
                0x2000154a                is_states_saved.lto_priv.0
                0x2000155c                wakeup_time_config_overhead_tick
                0x20001564                vScaleEM01Config.lto_priv.0
                0x20001574                emHeapBase.lto_priv.0
                0x20001578                emHeapLimit
                0x2000157c                heapPointer.lto_priv.0
                0x200015dc                global_data.lto_priv.0
                0x200015f0                irqState.lto_priv.1
                0x200015f4                global_data.lto_priv.1
                0x20001be8                sl_token_manager_init_success
                0x20001be9                debugTraceOn.lto_priv.0
                0x20001bf6                tokensActive.lto_priv.0
                0x20001bf7                sli_802154mac_local_eui64
                0x20001c00                sli_zigbee_stack_event_queue
                0x20001c10                sli_mac_upper_mac_state
                0x20001cbc                outgoing_flat_packet.lto_priv.0
                0x20001d3c                mac_outgoing_sequence_number.lto_priv.0
                0x20001d3d                sli_mac_network_poll_queue
                0x20001d3e                miscInternalFlags.lto_priv.0
                0x20001d40                sli_802154mac_lower_mac_state
                0x20001d44                emPhyRailHandle
                0x20001d48                active_radio_config.lto_priv.0
                0x20001d4c                csmaParams.lto_priv.0
                0x20001d58                longIndirectPool.lto_priv.0
                0x20001d5a                shortIndirectPool.lto_priv.0
                0x20001d5c                indirectTimeoutMs.lto_priv.0
                0x20001d5e                sl_mac_stack_filter_list
                0x20001d9e                sl_mac_stack_filter_list_length
                0x20001da0                sli_zigbee_address_table
                0x20001e60                sli_zigbee_beacon_events
                0x20001e80                sli_zigbee_permit_joining_events
                0x20001ea0                sli_zigbee_network_management_events
                0x20001ec0                sli_zigbee_neighbor_exchange_events
                0x20001ee0                sli_zigbee_send_parent_announce_events
                0x20001f00                sli_zigbee_transient_link_key_events
                0x20001f20                sli_zigbee_gp_tx_events
                0x20001f40                sli_zigbee_source_route_update_events
                0x20001f60                sli_zigbee_allow_tc_rejoins_using_well_known_key_events
                0x20001f80                sli_zigbee_request_key_events
                0x20001fa0                sli_zigbee_sequence_number
                0x20001fa1                sli_zigbee_aps_sequence_number
                0x20001fa2                sli_zigbee_network_security_level
                0x20001fa3                receivedTimeoutResponse
                0x20001fa4                responseTimeoutRemaining
                0x20001fa6                sli_zigbee_what_i_support_as_a_parent
                0x20001fa8                parentNwkInformation
                0x20001faa                sourceRouteTableEntryCount
                0x20001fab                sourceRouteTableNewestIndex
                0x20001fac                sli_zigbee_source_route_table_data
                0x20001fc8                sourceRouteUpdateRouteErrorCount
                0x20001fc9                sourceRouteUpdateDeliveryFailureCount
                0x20001fca                sourceRouteUpdateNodeIdWithBrokenRoute
                0x20001fcc                sourceRouteUpdateSendAddressDiscoveryNextEvent
                0x20001fcd                sourceRouteUpdateActiveEvent
                0x20001fce                delayCount.lto_priv.1
                0x20001fcf                submitCount.lto_priv.1
                0x20001fd0                sli_zigbee_store_and_forward_queue
                0x20002004                sli_zigbee_gp_proxy_table
                0x2000216c                sli_zigbee_gp_mac_filter_match_list
                0x20002170                sli_zigbee_zll_mac_filter_match_list
                0x20002174                sli_transient_entry_present.lto_priv.0
                0x20002178                sli_zigbee_aps_duplicate_rejection_entries
                0x2000218c                sli_zigbee_af_app_event_queue
                0x2000219c                zigbee_stack_em1_requirement_set.lto_priv.0
                0x20002284                trustCenterPolicies
                0x20002286                keys_failed
                0x2000228b                keys_passed
                0x20002295                sleep_on_isr_exit.lto_priv.1
                0x2000229e                is_hf_x_oscillator_not_preserved.lto_priv.0
                0x200022a0                is_actively_waiting_for_clock_restore.lto_priv.0
                0x200022a1                requirement_em1.lto_priv.0
                0x200028e4                sl_mac_custom_filter_list_length
                0x200028e6                sl_mac_custom_filter_list
                0x20002926                next_timer_to_expire_is_power_manager.lto_priv.0
                0x20002928                sl_iostream_vcom.lto_priv.0
                0x20002950                last_delta_update_count.lto_priv.0
                0x20002954                timer_head.lto_priv.0
 .bss           0x20002958      0x1f9 C:\Users\khanh\AppData\Local\Temp\ccam560Y.ltrans2.ltrans.o
                0x20002958                sli_zigbee_af_ezsp_current_command_frame_id
                0x2000295c                txBufferLength.lto_priv.0
                0x20002960                txBuffer.lto_priv.1
                0x20002964                txBufferSize.lto_priv.0
                0x20002968                current_tag.lto_priv.0
                0x2000296a                nwkSequenceNumber.lto_priv.0
                0x20002980                currentOutgoingPacket.lto_priv.0
                0x20002984                macRetries.lto_priv.0
                0x2000298a                cacheBuffer.lto_priv.0
                0x20002992                phyToMacQueue.lto_priv.0
                0x20002994                sl_zigbee_endpoint_count
                0x20002995                sli_zigbee_allow_rejoins_with_well_known_key
                0x20002996                sli_zigbee_trust_center_link_key_request_policies
                0x20002997                sli_zigbee_app_link_key_request_policies
                0x20002998                sli_zigbee_zll_policy
                0x2000299a                sli_zigbee_current_rssi
                0x2000299b                sli_zigbee_current_lqi
                0x200029ac                current_force_tx_after_failed_cca_attempts.lto_priv.0
                0x200029b4                sli_zigbee_default_stack_profile
                0x200029b6                sli_zigbee_request_key_timeout
                0x200029b9                sli_zigbee_mac_passthrough_flags
                0x200029ba                zigDevRequestSequence.lto_priv.0
                0x200029bb                leaveReason.lto_priv.0
                0x200029bc                default_force_tx_after_failed_cca_attempts.lto_priv.0
                0x200029dc                sli_zigbee_descriptor_capability
                0x200029dd                sli_zigbee_broadcast_passive_ack_mode.lto_priv.0
                0x200029e3                updateTcLinkKeyState.lto_priv.0
                0x200029e4                bdbTcLinkKeyExchangeAttempts.lto_priv.0
                0x200029e5                broadcastNetworkKeySequenceNumber.lto_priv.0
                0x200029e6                sli_zigbee_security_key_sequence_number
                0x200029e7                pollQueueHead.lto_priv.0
                0x20002ac2                lastAgingTime.lto_priv.0
                0x20002ac4                sli_zigbee_in_initial_broadcast_timeout
                0x20002ac8                sli_zigbee_broadcast_age_cutoff_indices
                0x20002ad0                sli_zigbee_discovery_table
                0x20002b22                sli_802154mac_to_network_queue
                0x20002b24                sli_zigbee_current_channel
                0x20002b28                sli_zigbee_current_mac_timestamp
                0x20002b2c                sli_zigbee_network_to_application_queue
                0x20002b30                childPolledBitField.lto_priv.0
                0x20002b38                childIsExpectingMessageBitField.lto_priv.0
                0x20002b40                sli_mac_child_status
                0x20002b44                lastEventTimeMs.lto_priv.0
                0x20002b4e                sli_zigbee_new_broadcast_entry_threshold
                0x20002b4f                sli_zigbee_app_zdo_configuration_flags
                0x20002b50                sli_zigbee_fragment_delay_ms
 *fill*         0x20002b51        0x7 
 .bss           0x20002b58      0x69c C:\Users\khanh\AppData\Local\Temp\ccam560Y.ltrans3.ltrans.o
                0x20002b58                sli_zigbee_child_timers_data
                0x20002bdc                sli_zigbee_end_device_timeout_data
                0x20002c10                sli_zigbee_retry_queue
                0x20002d11                submitCount.lto_priv.0
                0x20002d12                deviceEnhancedBeaconRequestEuiAndPowerList.lto_priv.0
                0x20002d14                deviceEnhancedBeaconRequestFilterList
                0x20002d1c                sli_zigbee_network_found_callback
                0x20002d20                scanResults.lto_priv.0
                0x20002d22                blackListedIdByteArray
                0x20002d24                blacklistedIdsArray
                0x20002d2c                sli_zigbee_sleepy_broadcast_header
                0x20002d2e                sleepyBroadcastInfo.lto_priv.0
                0x20002d36                jitOrRetryTxBusy
                0x20002d38                sli_mac_energy_scan_complete_callback
                0x20002d3e                sli_zigbee_next_beacon_is_enhanced
                0x20002d40                beaconRequesterEui
                0x20002d48                sl_mac_energy_response_callback
                0x20002d4c                sl_mac_scan_complete_callback
                0x20002dc8                sli_zigbee_fast_link_status_count
                0x20002dca                suspendRxOnWhenIdle.lto_priv.0
                0x20002dcb                sli_zigbee_tree_depth
                0x20002dd4                sli_zigbee_ms_since_last_poll
                0x20002dd8                sli_zigbee_total_initial_children
                0x20002dda                sli_zigbee_unicast_tx_attempts
                0x20002ddc                sli_zigbee_unicast_tx_failures
                0x20002de0                sli_zigbee_aps_unicast_message_data
                0x20002e90                sli_zigbee_child_table_data
                0x200031a8                sli_zigbee_current_sender_eui64
                0x200031ac                sli_zigbee_route_record_table_data
 *fill*         0x200031f4        0x4 
 .bss.sli_rail_9fd4b577a88245688a41c225ff145d2d
                0x200031f8       0x80 F:/FPT/Gateway/Xg26_Gateway_NCP/cmake_gcc/../simplicity_sdk_2025.6.3/platform/radio/rail_lib/autogen/librail_release/librail_efr32xg26_gcc_release.a(rail_data.o)
 .bss.sli_rail_639739279e8d3d2b15a09f3a35c0cf79
                0x20003278        0x8 F:/FPT/Gateway/Xg26_Gateway_NCP/cmake_gcc/../simplicity_sdk_2025.6.3/platform/radio/rail_lib/autogen/librail_release/librail_efr32xg26_gcc_release.a(generic_phy.o)
 .bss.sli_rail_f5d6bd4b87b830444924423a67685a3c
                0x20003280      0x1b0 F:/FPT/Gateway/Xg26_Gateway_NCP/cmake_gcc/../simplicity_sdk_2025.6.3/platform/radio/rail_lib/autogen/librail_release/librail_efr32xg26_gcc_release.a(rail_rf.o)
 .bss.object.0  0x20003430       0x18 c:/users/khanh/.silabs/slt/installs/conan/p/gcc-ab83b3403fdca6/p/bin/../lib/gcc/arm-none-eabi/12.2.1/thumb/v8-m.main+fp/hard/crtbegin.o
 .bss           0x20003448      0x5d0 C:\Users\khanh\AppData\Local\Temp\ccam560Y.ltrans1.ltrans.o
                0x20003448                callbackQueue
                0x2000344a                endpointDataQueue.lto_priv.0
                0x2000344c                sli_zigbee_binding_remote_node
                0x20003490                ezspReadPointer
                0x20003494                sli_zigbee_current_sender
                0x20003496                sli_zigbee_current_aps_struct
                0x200034a2                sli_zigbee_current_message_status
                0x200034a3                sli_zigbee_af_ezsp_current_command_network_index
                0x200034a4                sli_zigbee_child_status_data
                0x200034e8                sli_zigbee_security_state_bitmask
                0x200034ec                delayedJoinisActivated.lto_priv.0
                0x200034ee                sli_zigbee_multicast_table
                0x20003510                superRetriesIntervalForMacDataPoll.lto_priv.0
                0x20003514                avgParentRssi
                0x20003516                pendingAckedCount.lto_priv.0
                0x20003517                sli_zigbee_state
                0x2000351a                ezspBuffer.lto_priv.0
                0x2000351c                ezspFrameContents
                0x20003520                sli_zigbee_node_type
                0x20003522                sli_zigbee_counters
                0x200035fa                sli_zigbee_counters_thresholds
                0x2000364e                sli_zigbee_dynamic_capabilities
                0x2000364f                sli_802154mac_scan_type
                0x20003650                global_beacon.lto_priv.0
                0x20003668                joinState
                0x20003684                purgeBeaconsAfterJoinSuccess.lto_priv.0
                0x20003685                sli_zigbee_end_device_child_count
                0x20003688                sli_zigbee_frame_counters_table
                0x2000374c                sli_zigbee_neighbor_count
                0x2000374e                sli_zigbee_neighbor_data
                0x20003880                sli_zigbee_route_table
                0x20003908                sourceRouteUpdateMinQS
                0x2000390a                sourceRouteUpdateMaxQS
                0x2000390c                sourceRouteUpdateConcentratorType
                0x2000390e                sourceRouteUpdateRouteErrorThreshold
                0x2000390f                sourceRouteUpdateDeliveryFailureThreshold
                0x20003910                sourceRouteUpdateMaxHops
                0x20003911                beaconListCount.lto_priv.0
                0x20003912                sli_zigbee_permit_joining
                0x20003913                initialOutgoingCost.lto_priv.0
                0x20003914                addressCacheSize
                0x20003915                nextIndex.lto_priv.0
                0x20003916                addressCacheStartIndex.lto_priv.0
                0x20003918                sli_zigbee_incoming_aps_frame_counters
                0x2000396c                zb_sm_context_psa_key_id.lto_priv.0
                0x20003970                sli_zigbee_next_nwk_frame_counter
                0x20003974                nextApsFrameCounter.lto_priv.0
                0x2000397c                gpTxQListCount.lto_priv.0
                0x2000397e                gpTxQList.lto_priv.0
                0x20003980                sli_zigbee_gp_sink_table
                0x200039c4                sli_zigbee_incoming_tc_link_key_frame_counter
                0x200039c8                storedKeysList.lto_priv.0
                0x200039ca                keyCount.lto_priv.0
                0x200039cc                zb_sec_man_derived_key_psa_id.lto_priv.0
                0x200039f5                zllNodeType.lto_priv.0
                0x200039f6                state.lto_priv.0
                0x200039f7                sli_zigbee_zll_group_addresses_needed
                0x200039f8                radioOnForRequestOnly.lto_priv.0
                0x200039f9                targetEui64.lto_priv.0
                0x20003a04                zllPrimaryChannelMask.lto_priv.0
                0x20003a0c                myLastTransactionId.lto_priv.0
                0x20003a10                originalRadioPower.lto_priv.0
                0x20003a11                rxAlwaysOn.lto_priv.0
                0x20003a14                zllSecondaryChannelMask.lto_priv.0
 .bss           0x20003a18       0xcf C:\Users\khanh\AppData\Local\Temp\ccam560Y.ltrans4.ltrans.o
                0x20003a28                sli_zigbee_request_link_key_update
                0x20003a4c                theirLastTransactionId.lto_priv.0
                0x20003a50                transactionExpirationTimeMS.lto_priv.0
                0x20003a54                zllReceivedSequenceNum
                0x20003a58                scanRequestInformation.lto_priv.0
                0x20003a5c                myLastResponseId.lto_priv.0
                0x20003a60                commissioningZllNetwork.lto_priv.0
                0x20003a8c                commissioningJoinType.lto_priv.0
                0x20003a8e                commissioningNodeId.lto_priv.0
                0x20003a90                commissioningUnencryptedNetworkKey.lto_priv.0
                0x20003aa0                deviceEnhancedBeaconRequestEuiAndPowerListCount.lto_priv.0
                0x20003aa1                deviceEnhancedEuiAndPowerListEnabled.lto_priv.0
                0x20003aa2                sli_zigbee_child_lqi_data
                0x20003ae4                nextChildLpd
 *fill*         0x20003ae7        0x1 
 .bss           0x20003ae8       0x71 C:\Users\khanh\AppData\Local\Temp\ccam560Y.ltrans5.ltrans.o
                0x20003ae8                sl_mac_active_response_callback
                0x20003af0                sli_mac_child_table
                0x20003af4                requestKeyBuffer.lto_priv.0
                0x20003b0c                sli_zigbee_current_binding_index
                0x20003b3d                sli_zigbee_current_zdo_request_status
                0x20003b3e                joinListUpdateId
 *fill*         0x20003b59        0x3 
 .bss           0x20003b5c       0x14 C:\Users\khanh\AppData\Local\Temp\ccam560Y.ltrans6.ltrans.o
 .bss.__sf      0x20003b70      0x138 c:/users/khanh/.silabs/slt/installs/conan/p/gcc-ab83b3403fdca6/p/bin/../lib/gcc/arm-none-eabi/12.2.1/thumb/v8-m.main+fp/hard\libc_nano.a(libc_a-findfp.o)
                0x20003b70                __sf
 .bss.__stdio_exit_handler
                0x20003ca8        0x4 c:/users/khanh/.silabs/slt/installs/conan/p/gcc-ab83b3403fdca6/p/bin/../lib/gcc/arm-none-eabi/12.2.1/thumb/v8-m.main+fp/hard\libc_nano.a(libc_a-findfp.o)
                0x20003ca8                __stdio_exit_handler
 .bss.sli_rail_b2d4e2f0808167209d1dba530e0bb939
                0x20003cac      0x200 F:/FPT/Gateway/Xg26_Gateway_NCP/cmake_gcc/../simplicity_sdk_2025.6.3/platform/radio/rail_lib/autogen/librail_release/librail_efr32xg26_gcc_release.a(rail_data.o)
 .bss.sli_rail_c136c888d348bae01d46584776a71a85
                0x20003eac        0x8 F:/FPT/Gateway/Xg26_Gateway_NCP/cmake_gcc/../simplicity_sdk_2025.6.3/platform/radio/rail_lib/autogen/librail_release/librail_efr32xg26_gcc_release.a(rail_power_manager.o)
 .bss.sli_rail_9173f051b55c13a908edffee1745cddf
                0x20003eb4        0x8 F:/FPT/Gateway/Xg26_Gateway_NCP/cmake_gcc/../simplicity_sdk_2025.6.3/platform/radio/rail_lib/autogen/librail_release/librail_efr32xg26_gcc_release.a(rail_power_manager.o)
 .bss.sli_rail_1a9485a7c6b38dd70de7ee0102aa7aaf
                0x20003ebc       0x20 F:/FPT/Gateway/Xg26_Gateway_NCP/cmake_gcc/../simplicity_sdk_2025.6.3/platform/radio/rail_lib/autogen/librail_release/librail_efr32xg26_gcc_release.a(rail_power_manager.o)
 .bss.sli_rail_54d89e3959a4bbc543e302fea6710f95
                0x20003edc        0x4 F:/FPT/Gateway/Xg26_Gateway_NCP/cmake_gcc/../simplicity_sdk_2025.6.3/platform/radio/rail_lib/autogen/librail_release/librail_efr32xg26_gcc_release.a(rail_power_manager.o)
                0x20003edc                sli_rail_54d89e3959a4bbc543e302fea6710f95
 .bss.sli_rail_07aed9c96fdcaccc2e6f95e40d8fb12c
                0x20003ee0        0x4 F:/FPT/Gateway/Xg26_Gateway_NCP/cmake_gcc/../simplicity_sdk_2025.6.3/platform/radio/rail_lib/autogen/librail_release/librail_efr32xg26_gcc_release.a(rail_power_manager.o)
 .bss.sli_rail_e869e9276015a189cecac6019fc3c018
                0x20003ee4        0x4 F:/FPT/Gateway/Xg26_Gateway_NCP/cmake_gcc/../simplicity_sdk_2025.6.3/platform/radio/rail_lib/autogen/librail_release/librail_efr32xg26_gcc_release.a(rail_power_manager.o)
 .bss.sli_rail_4b8dfbaedea31d7cbf1e1ce30323b341
                0x20003ee8        0x4 F:/FPT/Gateway/Xg26_Gateway_NCP/cmake_gcc/../simplicity_sdk_2025.6.3/platform/radio/rail_lib/autogen/librail_release/librail_efr32xg26_gcc_release.a(rail_power_manager.o)
 .bss.sli_rail_ff5397f38ac9ffe78ebd137a9facd21f
                0x20003eec        0x4 F:/FPT/Gateway/Xg26_Gateway_NCP/cmake_gcc/../simplicity_sdk_2025.6.3/platform/radio/rail_lib/autogen/librail_release/librail_efr32xg26_gcc_release.a(rail_rf_hal.o)
 .bss.sli_rail_93f64758baf60907f96fa3736d8c95be
                0x20003ef0        0x4 F:/FPT/Gateway/Xg26_Gateway_NCP/cmake_gcc/../simplicity_sdk_2025.6.3/platform/radio/rail_lib/autogen/librail_release/librail_efr32xg26_gcc_release.a(rail_rf_hal.o)
 .bss.sli_rail_2c64439bef0520ed6b99a1cb60a3db45
                0x20003ef4        0x4 F:/FPT/Gateway/Xg26_Gateway_NCP/cmake_gcc/../simplicity_sdk_2025.6.3/platform/radio/rail_lib/autogen/librail_release/librail_efr32xg26_gcc_release.a(rail_rf_hal.o)
 .bss.sli_rail_f220d21fdb41383218da79e92497d6e0
                0x20003ef8        0x4 F:/FPT/Gateway/Xg26_Gateway_NCP/cmake_gcc/../simplicity_sdk_2025.6.3/platform/radio/rail_lib/autogen/librail_release/librail_efr32xg26_gcc_release.a(rail_rf_hal.o)
 .bss.sli_rail_e547315ea5b6d0aaa7cc739ff29cd150
                0x20003efc        0x4 F:/FPT/Gateway/Xg26_Gateway_NCP/cmake_gcc/../simplicity_sdk_2025.6.3/platform/radio/rail_lib/autogen/librail_release/librail_efr32xg26_gcc_release.a(rail_rf_hal.o)
 .bss.sli_rail_ed16766c587fa63e77da03f1b51ef62a
                0x20003f00        0x4 F:/FPT/Gateway/Xg26_Gateway_NCP/cmake_gcc/../simplicity_sdk_2025.6.3/platform/radio/rail_lib/autogen/librail_release/librail_efr32xg26_gcc_release.a(rail_rf_hal.o)
 .bss.sli_rail_8b603bfacbd416d9fed4157d0fe5952f
                0x20003f04        0x4 F:/FPT/Gateway/Xg26_Gateway_NCP/cmake_gcc/../simplicity_sdk_2025.6.3/platform/radio/rail_lib/autogen/librail_release/librail_efr32xg26_gcc_release.a(rail_rf_hal.o)
 .bss.sli_rail_e596de4f8292ec5a59bf4d802ccf94ce
                0x20003f08        0x4 F:/FPT/Gateway/Xg26_Gateway_NCP/cmake_gcc/../simplicity_sdk_2025.6.3/platform/radio/rail_lib/autogen/librail_release/librail_efr32xg26_gcc_release.a(rail_rf_hal.o)
 .bss.sli_rail_a38a6265fbc5cbe2cc3228410b65ace5
                0x20003f0c        0x4 F:/FPT/Gateway/Xg26_Gateway_NCP/cmake_gcc/../simplicity_sdk_2025.6.3/platform/radio/rail_lib/autogen/librail_release/librail_efr32xg26_gcc_release.a(rail_rf_hal.o)
                0x20003f0c                sli_rail_a38a6265fbc5cbe2cc3228410b65ace5
 .bss.sli_rail_dcde16df7cedd595b97bd2a7aa082524
                0x20003f10        0x4 F:/FPT/Gateway/Xg26_Gateway_NCP/cmake_gcc/../simplicity_sdk_2025.6.3/platform/radio/rail_lib/autogen/librail_release/librail_efr32xg26_gcc_release.a(rail_ieee802154_rf_hal.o)
                0x20003f10                sli_rail_dcde16df7cedd595b97bd2a7aa082524
 .bss.sli_rail_2c83a429df0ac09a485d2660685c629a
                0x20003f14        0x4 F:/FPT/Gateway/Xg26_Gateway_NCP/cmake_gcc/../simplicity_sdk_2025.6.3/platform/radio/rail_lib/autogen/librail_release/librail_efr32xg26_gcc_release.a(rail_ieee802154_rf_hal.o)
                0x20003f14                sli_rail_2c83a429df0ac09a485d2660685c629a
 .bss.sli_rail_8e5f92557b02add76aa494081820c844
                0x20003f18        0x4 F:/FPT/Gateway/Xg26_Gateway_NCP/cmake_gcc/../simplicity_sdk_2025.6.3/platform/radio/rail_lib/autogen/librail_release/librail_efr32xg26_gcc_release.a(rail_ieee802154_rf_hal.o)
                0x20003f18                sli_rail_8e5f92557b02add76aa494081820c844
 .bss.sli_rail_416b8bd069a196e46ab21a61f0b8399d
                0x20003f1c        0x4 F:/FPT/Gateway/Xg26_Gateway_NCP/cmake_gcc/../simplicity_sdk_2025.6.3/platform/radio/rail_lib/autogen/librail_release/librail_efr32xg26_gcc_release.a(rail_ieee802154_rf_hal.o)
 .bss.sli_rail_1f4b458cd70474e6143b1726fe373f2d
                0x20003f20        0x4 F:/FPT/Gateway/Xg26_Gateway_NCP/cmake_gcc/../simplicity_sdk_2025.6.3/platform/radio/rail_lib/autogen/librail_release/librail_efr32xg26_gcc_release.a(rail_ieee802154_rf_hal.o)
 .bss.sli_rail_101f4b3f7ec22758e9c3af4867b037bf
                0x20003f24        0x4 F:/FPT/Gateway/Xg26_Gateway_NCP/cmake_gcc/../simplicity_sdk_2025.6.3/platform/radio/rail_lib/autogen/librail_release/librail_efr32xg26_gcc_release.a(rfhal_bufc.o)
 .bss.sli_rail_e119b6e8991410a924ce1e2fa666a230
                0x20003f28        0x4 F:/FPT/Gateway/Xg26_Gateway_NCP/cmake_gcc/../simplicity_sdk_2025.6.3/platform/radio/rail_lib/autogen/librail_release/librail_efr32xg26_gcc_release.a(rfhal_pa.o)
 .bss.sli_rail_8bcb7082e48e6ff370e12cbf831416d4
                0x20003f2c        0x4 F:/FPT/Gateway/Xg26_Gateway_NCP/cmake_gcc/../simplicity_sdk_2025.6.3/platform/radio/rail_lib/autogen/librail_release/librail_efr32xg26_gcc_release.a(rfhal_pa.o)
 .bss.sli_rail_a6f5c273b65932798e9fe42a4135c816
                0x20003f30        0x4 F:/FPT/Gateway/Xg26_Gateway_NCP/cmake_gcc/../simplicity_sdk_2025.6.3/platform/radio/rail_lib/autogen/librail_release/librail_efr32xg26_gcc_release.a(rfhal_pa.o)
 .bss.sli_rail_a7ecbdc9460bec98d7781dd81a879a8b
                0x20003f34       0x14 F:/FPT/Gateway/Xg26_Gateway_NCP/cmake_gcc/../simplicity_sdk_2025.6.3/platform/radio/rail_lib/autogen/librail_release/librail_efr32xg26_gcc_release.a(rfhal_pti.o)
 .bss.sli_rail_77815a23ee974b1b058991f6802f3a27
                0x20003f48        0x4 F:/FPT/Gateway/Xg26_Gateway_NCP/cmake_gcc/../simplicity_sdk_2025.6.3/platform/radio/rail_lib/autogen/librail_release/librail_efr32xg26_gcc_release.a(rfhal_protimer.o)
                0x20003f48                sli_rail_77815a23ee974b1b058991f6802f3a27
 .bss.sli_rail_963948127b9538f75edea1b8ad37a2a1
                0x20003f4c        0x4 F:/FPT/Gateway/Xg26_Gateway_NCP/cmake_gcc/../simplicity_sdk_2025.6.3/platform/radio/rail_lib/autogen/librail_release/librail_efr32xg26_gcc_release.a(rfhal_protimer.o)
 .bss.sli_rail_ba76bc65df776304e41de87b98615d59
                0x20003f50        0x4 F:/FPT/Gateway/Xg26_Gateway_NCP/cmake_gcc/../simplicity_sdk_2025.6.3/platform/radio/rail_lib/autogen/librail_release/librail_efr32xg26_gcc_release.a(rfhal_protimer.o)
                0x20003f50                sli_rail_ba76bc65df776304e41de87b98615d59
 .bss.sli_rail_b12f64a1631cb80aaba93bc7e62c5401
                0x20003f54        0x4 F:/FPT/Gateway/Xg26_Gateway_NCP/cmake_gcc/../simplicity_sdk_2025.6.3/platform/radio/rail_lib/autogen/librail_release/librail_efr32xg26_gcc_release.a(rfhal_protimer.o)
                0x20003f54                sli_rail_b12f64a1631cb80aaba93bc7e62c5401
 .bss.sli_rail_cd01ef0a536530215319ced12540ac0b
                0x20003f58        0x4 F:/FPT/Gateway/Xg26_Gateway_NCP/cmake_gcc/../simplicity_sdk_2025.6.3/platform/radio/rail_lib/autogen/librail_release/librail_efr32xg26_gcc_release.a(rfhal_protimer.o)
                0x20003f58                sli_rail_cd01ef0a536530215319ced12540ac0b
 .bss.sli_rail_28b654493fd84ce3d4a1eafa51d2de06
                0x20003f5c        0x4 F:/FPT/Gateway/Xg26_Gateway_NCP/cmake_gcc/../simplicity_sdk_2025.6.3/platform/radio/rail_lib/autogen/librail_release/librail_efr32xg26_gcc_release.a(rfhal_protimer.o)
                0x20003f5c                sli_rail_28b654493fd84ce3d4a1eafa51d2de06
 .bss.sli_rail_053617c4332bb6c7cf6732ee3488f196
                0x20003f60       0x30 F:/FPT/Gateway/Xg26_Gateway_NCP/cmake_gcc/../simplicity_sdk_2025.6.3/platform/radio/rail_lib/autogen/librail_release/librail_efr32xg26_gcc_release.a(rfhal_radio.o)
 .bss.sli_rail_9bba98fddad85f3d1cd858994e5074b6
                0x20003f90        0x4 F:/FPT/Gateway/Xg26_Gateway_NCP/cmake_gcc/../simplicity_sdk_2025.6.3/platform/radio/rail_lib/autogen/librail_release/librail_efr32xg26_gcc_release.a(rfhal_radio.o)
 .bss.sli_rail_23320480a172bcf05c7593f2b87e5674
                0x20003f94        0x4 F:/FPT/Gateway/Xg26_Gateway_NCP/cmake_gcc/../simplicity_sdk_2025.6.3/platform/radio/rail_lib/autogen/librail_release/librail_efr32xg26_gcc_release.a(rfhal_radio.o)
 .bss.sli_rail_cca87d23761b59cf722558455f039109
                0x20003f98        0x4 F:/FPT/Gateway/Xg26_Gateway_NCP/cmake_gcc/../simplicity_sdk_2025.6.3/platform/radio/rail_lib/autogen/librail_release/librail_efr32xg26_gcc_release.a(rfhal_radio.o)
 .bss.sli_rail_8053e95551393ef0883c1e2a5d4dfbe9